Compiling 88 files with Solc 0.8.20
Solc 0.8.20 finished in 547.02s
Compiler run successful with warnings:
Warning (2519): This declaration shadows an existing declaration.
    --> test/ZybraGroupFeeAudit.t.sol:1343:17:
     |
1343 |                 uint256 bal = usdc.balanceOf(user1);
     |                 ^^^^^^^^^^^
Note: The shadowed declaration is here:
    --> test/ZybraGroupFeeAudit.t.sol:1353:9:
     |
1353 |         uint256 bal = usdc.balanceOf(user1);
     |         ^^^^^^^^^^^

Warning (2072): Unused local variable.
    --> test/ZybraGroupComprehensive.t.sol:1193:9:
     |
1193 |         uint256 fees = group.collectFees();
     |         ^^^^^^^^^^^^

Warning (2072): Unused local variable.
   --> test/ZybraGroupDefense.t.sol:195:9:
    |
195 |         uint256 fees = group.collectFees();
    |         ^^^^^^^^^^^^

Warning (2072): Unused local variable.
   --> test/ZybraGroupDefense.t.sol:679:9:
    |
679 |         uint256 collectedFees = group.collectFees();
    |         ^^^^^^^^^^^^^^^^^^^^^

Warning (2072): Unused local variable.
   --> test/ZybraGroupFeeAudit.t.sol:227:26:
    |
227 |         (uint256 cap1, , uint256 lastCycle1, bool active1) = group.getMemberInfo(user1);
    |                          ^^^^^^^^^^^^^^^^^^

Warning (2072): Unused local variable.
   --> test/ZybraGroupFeeAudit.t.sol:227:46:
    |
227 |         (uint256 cap1, , uint256 lastCycle1, bool active1) = group.getMemberInfo(user1);
    |                                              ^^^^^^^^^^^^

Warning (2072): Unused local variable.
   --> test/ZybraGroupFeeAudit.t.sol:255:9:
    |
255 |         uint256 pendingBefore = group.pendingYield(user1);
    |         ^^^^^^^^^^^^^^^^^^^^^

Warning (2072): Unused local variable.
   --> test/ZybraGroupFeeAudit.t.sol:348:9:
    |
348 |         uint256 treasBefore = usdc.balanceOf(treasury);
    |         ^^^^^^^^^^^^^^^^^^^

Warning (2072): Unused local variable.
    --> test/ZybraGroupFeeAudit.t.sol:1101:9:
     |
1101 |         uint256 feesCollected = usdc.balanceOf(treasury) - treasBefore;
     |         ^^^^^^^^^^^^^^^^^^^^^

Warning (2072): Unused local variable.
   --> test/ZybraGroupV2Comprehensive.t.sol:754:9:
    |
754 |         uint256 claim1 = usdc.balanceOf(alice) - bal1;
    |         ^^^^^^^^^^^^^^

Warning (2072): Unused local variable.
    --> test/ZybraGroupV2Comprehensive.t.sol:1142:9:
     |
1142 |         uint256 treasuryBefore = usdc.balanceOf(treasury);
     |         ^^^^^^^^^^^^^^^^^^^^^^

Warning (2072): Unused local variable.
   --> test/ZybraGroupV2MainnetFork.t.sol:340:9:
    |
340 |         uint256 pending = group.pendingYield(user1);
    |         ^^^^^^^^^^^^^^^

Warning (2072): Unused local variable.
  --> test/ZybraGroupV2ParameterAudit.t.sol:74:10:
   |
74 |         (uint256 capital, , , bool isActive, ) = group.getMemberInfo(user1);
   |          ^^^^^^^^^^^^^^^

Warning (2072): Unused local variable.
  --> test/ZybraGroupV2ParameterAudit.t.sol:88:10:
   |
88 |         (uint256 capital, , , bool isActive, ) = group.getMemberInfo(user1);
   |          ^^^^^^^^^^^^^^^

Warning (5667): Unused function parameter. Remove or comment out the variable name to silence this warning.
  --> test/ZybraGroupV2SecurityTestsComplete.t.sol:39:38:
   |
39 |     function deposit(uint256 assets, address receiver) public returns (uint256) {
   |                                      ^^^^^^^^^^^^^^^^

Warning (5667): Unused function parameter. Remove or comment out the variable name to silence this warning.
  --> test/ZybraGroupV2SecurityTestsComplete.t.sol:47:57:
   |
47 |     function withdraw(uint256 assets, address receiver, address owner) public returns (uint256) {
   |                                                         ^^^^^^^^^^^^^

Warning (5667): Unused function parameter. Remove or comment out the variable name to silence this warning.
  --> test/ZybraGroupV2SecurityTestsComplete.t.sol:59:24:
   |
59 |     function balanceOf(address account) public view returns (uint256) {
   |                        ^^^^^^^^^^^^^^^

Warning (2018): Function state mutability can be restricted to view
  --> src/mocks/MockMorpho.sol:91:5:
   |
91 |     function setFee(MarketParams memory, uint256 /* newFee */) external override {
   |     ^ (Relevant source part starts here and spans across multiple lines).

forge : Warning: AST source not found for D:/Zybra-Codebase/Zybra-Contract/src\IZybraGroup.sol
At line:1 char:14
+ forge clean; forge build 2>&1 | Out-File -FilePath build_output.txt - ...
+              ~~~~~~~~~~~~~~~~
    + CategoryInfo          : NotSpecified: (Warning: AST so...IZybraGroup.sol:String) [], RemoteException
    + FullyQualifiedErrorId : NativeCommandError
 
warning[unsafe-typecast]: typecasts that can truncate values should be checked
    Γò¡Γû╕ src\ZybraGroup.sol:353:41
    Γöé
353 Γöé         unchecked { m.capitalInGroup += uint128(amount); }
    Γöé                                         ΓöüΓöüΓöüΓöüΓöüΓöüΓöüΓöüΓöüΓöüΓöüΓöüΓöüΓöüΓöü
    Γöé
    Γö£ note: consider disabling this lint if you're certain the cast is safe
    Γöé       
    Γöé       // casting to 'uint128' is safe because [explain why]
    Γöé       // forge-lint: disable-next-line(unsafe-typecast)
    Γöé       
    Γöé       
    Γò░ help: https://book.getfoundry.sh/reference/forge/forge-lint#unsafe-typecast

warning[erc20-unchecked-transfer]: ERC20 'transfer' and 'transferFrom' calls should check the return value
   Γò¡Γû╕ test\ZybraGroupV2SecurityTestsComplete.t.sol:40:9
   Γöé
40 Γöé         token.transferFrom(msg.sender, address(this), assets);
   Γöé         ΓöüΓöüΓöüΓöüΓöüΓöüΓöüΓöüΓöüΓöüΓöüΓöüΓöüΓöüΓöüΓöüΓöüΓöüΓöüΓöüΓöüΓöüΓöüΓöüΓöüΓöüΓöüΓöüΓöüΓöüΓöüΓöüΓöüΓöüΓöüΓöüΓöüΓöüΓöüΓöüΓöüΓöüΓöüΓöüΓöüΓöüΓöüΓöüΓöüΓöüΓöüΓöüΓöü
   Γöé
   Γò░ help: https://book.getfoundry.sh/reference/forge/forge-lint#erc20-unchecked-transfer

warning[unsafe-typecast]: typecasts that can truncate values should be checked
    Γò¡Γû╕ src\mocks\MockYieldVault.sol:238:33
    Γöé
238 Γöé         _internalTotalAssets += uint128(assets);
    Γöé                                 ΓöüΓöüΓöüΓöüΓöüΓöüΓöüΓöüΓöüΓöüΓöüΓöüΓöüΓöüΓöü
    Γöé
    Γö£ note: consider disabling this lint if you're certain the cast is safe
    Γöé       
    Γöé       // casting to 'uint128' is safe because [explain why]
    Γöé       // forge-lint: disable-next-line(unsafe-typecast)
    Γöé       
    Γöé       
    Γò░ help: https://book.getfoundry.sh/reference/forge/forge-lint#unsafe-typecast

warning[unsafe-typecast]: typecasts that can truncate values should be checked
    Γò¡Γû╕ src\mocks\MockMetaMorpho.sol:127:15
    Γöé
127 Γöé         fee = uint96(newFee);
    Γöé               ΓöüΓöüΓöüΓöüΓöüΓöüΓöüΓöüΓöüΓöüΓöüΓöüΓöüΓöü
    Γöé
    Γö£ note: consider disabling this lint if you're certain the cast is safe
    Γöé       
    Γöé       // casting to 'uint96' is safe because [explain why]
    Γöé       // forge-lint: disable-next-line(unsafe-typecast)
    Γöé       
    Γöé       
    Γò░ help: https://book.getfoundry.sh/reference/forge/forge-lint#unsafe-typecast

warning[erc20-unchecked-transfer]: ERC20 'transfer' and 'transferFrom' calls should check the return value
   Γò¡Γû╕ test\ZybraGroupV2SecurityTestsComplete.t.sol:48:9
   Γöé
48 Γöé         token.transfer(receiver, assets);
   Γöé         ΓöüΓöüΓöüΓöüΓöüΓöüΓöüΓöüΓöüΓöüΓöüΓöüΓöüΓöüΓöüΓöüΓöüΓöüΓöüΓöüΓöüΓöüΓöüΓöüΓöüΓöüΓöüΓöüΓöüΓöüΓöüΓöü
   Γöé
   Γò░ help: https://book.getfoundry.sh/reference/forge/forge-lint#erc20-unchecked-transfer

warning[erc20-unchecked-transfer]: ERC20 'transfer' and 'transferFrom' calls should check the return value
    Γò¡Γû╕ test\ZybraGroupV2MainnetFork.t.sol:128:9
    Γöé
128 Γöé         usdc.transfer(admin, 500_000e6);
    Γöé         ΓöüΓöüΓöüΓöüΓöüΓöüΓöüΓöüΓöüΓöüΓöüΓöüΓöüΓöüΓöüΓöüΓöüΓöüΓöüΓöüΓöüΓöüΓöüΓöüΓöüΓöüΓöüΓöüΓöüΓöüΓöü
    Γöé
    Γò░ help: https://book.getfoundry.sh/reference/forge/forge-lint#erc20-unchecked-transfer

warning[unsafe-typecast]: typecasts that can truncate values should be checked
    Γò¡Γû╕ src\mocks\MockYieldVault.sol:265:55
    Γöé
265 Γöé         _internalTotalAssets = _internalTotalAssets > uint128(assets) ? _internalTotalAssets - uint128(assets) : 0;
    Γöé                                                       ΓöüΓöüΓöüΓöüΓöüΓöüΓöüΓöüΓöüΓöüΓöüΓöüΓöüΓöüΓöü
    Γöé
    Γö£ note: consider disabling this lint if you're certain the cast is safe
    Γöé       
    Γöé       // casting to 'uint128' is safe because [explain why]
    Γöé       // forge-lint: disable-next-line(unsafe-typecast)
    Γöé       
    Γöé       
    Γò░ help: https://book.getfoundry.sh/reference/forge/forge-lint#unsafe-typecast

warning[erc20-unchecked-transfer]: ERC20 'transfer' and 'transferFrom' calls should check the return value
    Γò¡Γû╕ test\ZybraGroupV2MainnetFork.t.sol:129:9
    Γöé
129 Γöé         usdc.transfer(user1, 500_000e6);
    Γöé         ΓöüΓöüΓöüΓöüΓöüΓöüΓöüΓöüΓöüΓöüΓöüΓöüΓöüΓöüΓöüΓöüΓöüΓöüΓöüΓöüΓöüΓöüΓöüΓöüΓöüΓöüΓöüΓöüΓöüΓöüΓöü
    Γöé
    Γò░ help: https://book.getfoundry.sh/reference/forge/forge-lint#erc20-unchecked-transfer

warning[erc20-unchecked-transfer]: ERC20 'transfer' and 'transferFrom' calls should check the return value
    Γò¡Γû╕ test\ZybraGroupV2MainnetFork.t.sol:130:9
    Γöé
130 Γöé         usdc.transfer(user2, 500_000e6);
    Γöé         ΓöüΓöüΓöüΓöüΓöüΓöüΓöüΓöüΓöüΓöüΓöüΓöüΓöüΓöüΓöüΓöüΓöüΓöüΓöüΓöüΓöüΓöüΓöüΓöüΓöüΓöüΓöüΓöüΓöüΓöüΓöü
    Γöé
    Γò░ help: https://book.getfoundry.sh/reference/forge/forge-lint#erc20-unchecked-transfer

warning[unsafe-typecast]: typecasts that can truncate values should be checked
    Γò¡Γû╕ src\ZybraGroup.sol:356:25
    Γöé
356 Γöé         m.rewardDebt += uint128((amount * accRewardPerShare) / ACC_PRECISION);
    Γöé                         ΓöüΓöüΓöüΓöüΓöüΓöüΓöüΓöüΓöüΓöüΓöüΓöüΓöüΓöüΓöüΓöüΓöüΓöüΓöüΓöüΓöüΓöüΓöüΓöüΓöüΓöüΓöüΓöüΓöüΓöüΓöüΓöüΓöüΓöüΓöüΓöüΓöüΓöüΓöüΓöüΓöüΓöüΓöüΓöüΓöüΓöüΓöüΓöüΓöüΓöüΓöüΓöüΓöü
    Γöé
    Γö£ note: consider disabling this lint if you're certain the cast is safe
    Γöé       
    Γöé       // casting to 'uint128' is safe because [explain why]
    Γöé       // forge-lint: disable-next-line(unsafe-typecast)
    Γöé       
    Γöé       
    Γò░ help: https://book.getfoundry.sh/reference/forge/forge-lint#unsafe-typecast

warning[unsafe-typecast]: typecasts that can truncate values should be checked
    Γò¡Γû╕ src\mocks\MockYieldVault.sol:265:96
    Γöé
265 Γöé         _internalTotalAssets = _internalTotalAssets > uint128(assets) ? _internalTotalAssets - uint128(assets) : 0;
    Γöé                                                                                                ΓöüΓöüΓöüΓöüΓöüΓöüΓöüΓöüΓöüΓöüΓöüΓöüΓöüΓöüΓöü
    Γöé
    Γö£ note: consider disabling this lint if you're certain the cast is safe
    Γöé       
    Γöé       // casting to 'uint128' is safe because [explain why]
    Γöé       // forge-lint: disable-next-line(unsafe-typecast)
    Γöé       
    Γöé       
    Γò░ help: https://book.getfoundry.sh/reference/forge/forge-lint#unsafe-typecast

warning[unsafe-typecast]: typecasts that can truncate values should be checked
    Γò¡Γû╕ src\ZybraGroup.sol:357:34
    Γöé
357 Γöé         m.lastContributedCycle = uint32(currentCycle);
    Γöé                                  ΓöüΓöüΓöüΓöüΓöüΓöüΓöüΓöüΓöüΓöüΓöüΓöüΓöüΓöüΓöüΓöüΓöüΓöüΓöüΓöü
    Γöé
    Γö£ note: consider disabling this lint if you're certain the cast is safe
    Γöé       
    Γöé       // casting to 'uint32' is safe because [explain why]
    Γöé       // forge-lint: disable-next-line(unsafe-typecast)
    Γöé       
    Γöé       
    Γò░ help: https://book.getfoundry.sh/reference/forge/forge-lint#unsafe-typecast

warning[erc20-unchecked-transfer]: ERC20 'transfer' and 'transferFrom' calls should check the return value
    Γò¡Γû╕ test\ZybraGroupV2MainnetFork.t.sol:131:9
    Γöé
131 Γöé         usdc.transfer(user3, 500_000e6);
    Γöé         ΓöüΓöüΓöüΓöüΓöüΓöüΓöüΓöüΓöüΓöüΓöüΓöüΓöüΓöüΓöüΓöüΓöüΓöüΓöüΓöüΓöüΓöüΓöüΓöüΓöüΓöüΓöüΓöüΓöüΓöüΓöü
    Γöé
    Γò░ help: https://book.getfoundry.sh/reference/forge/forge-lint#erc20-unchecked-transfer

warning[erc20-unchecked-transfer]: ERC20 'transfer' and 'transferFrom' calls should check the return value
   Γò¡Γû╕ test\ZybraGroupFeeAudit.t.sol:82:9
   Γöé
82 Γöé         usdc.transfer(admin, 1_000_000e6);
   Γöé         ΓöüΓöüΓöüΓöüΓöüΓöüΓöüΓöüΓöüΓöüΓöüΓöüΓöüΓöüΓöüΓöüΓöüΓöüΓöüΓöüΓöüΓöüΓöüΓöüΓöüΓöüΓöüΓöüΓöüΓöüΓöüΓöüΓöü
   Γöé
   Γò░ help: https://book.getfoundry.sh/reference/forge/forge-lint#erc20-unchecked-transfer

warning[erc20-unchecked-transfer]: ERC20 'transfer' and 'transferFrom' calls should check the return value
   Γò¡Γû╕ test\ZybraGroupFeeAudit.t.sol:83:9
   Γöé
83 Γöé         usdc.transfer(user1, 1_000_000e6);
   Γöé         ΓöüΓöüΓöüΓöüΓöüΓöüΓöüΓöüΓöüΓöüΓöüΓöüΓöüΓöüΓöüΓöüΓöüΓöüΓöüΓöüΓöüΓöüΓöüΓöüΓöüΓöüΓöüΓöüΓöüΓöüΓöüΓöüΓöü
   Γöé
   Γò░ help: https://book.getfoundry.sh/reference/forge/forge-lint#erc20-unchecked-transfer

warning[erc20-unchecked-transfer]: ERC20 'transfer' and 'transferFrom' calls should check the return value
    Γò¡Γû╕ test\ZybraGroupV2MainnetFork.t.sol:132:9
    Γöé
132 Γöé         usdc.transfer(user4, 500_000e6);
    Γöé         ΓöüΓöüΓöüΓöüΓöüΓöüΓöüΓöüΓöüΓöüΓöüΓöüΓöüΓöüΓöüΓöüΓöüΓöüΓöüΓöüΓöüΓöüΓöüΓöüΓöüΓöüΓöüΓöüΓöüΓöüΓöü
    Γöé
    Γò░ help: https://book.getfoundry.sh/reference/forge/forge-lint#erc20-unchecked-transfer

warning[erc20-unchecked-transfer]: ERC20 'transfer' and 'transferFrom' calls should check the return value
    Γò¡Γû╕ test\ZybraGroupV2MainnetFork.t.sol:133:9
    Γöé
133 Γöé         usdc.transfer(user5, 500_000e6);
    Γöé         ΓöüΓöüΓöüΓöüΓöüΓöüΓöüΓöüΓöüΓöüΓöüΓöüΓöüΓöüΓöüΓöüΓöüΓöüΓöüΓöüΓöüΓöüΓöüΓöüΓöüΓöüΓöüΓöüΓöüΓöüΓöü
    Γöé
    Γò░ help: https://book.getfoundry.sh/reference/forge/forge-lint#erc20-unchecked-transfer

warning[unsafe-typecast]: typecasts that can truncate values should be checked
    Γò¡Γû╕ src\mocks\MockYieldVault.sol:287:32
    Γöé
287 Γöé         _internalTotalAssets = uint128(newTotalAssets);
    Γöé                                ΓöüΓöüΓöüΓöüΓöüΓöüΓöüΓöüΓöüΓöüΓöüΓöüΓöüΓöüΓöüΓöüΓöüΓöüΓöüΓöüΓöüΓöüΓöü
    Γöé
    Γö£ note: consider disabling this lint if you're certain the cast is safe
    Γöé       
    Γöé       // casting to 'uint128' is safe because [explain why]
    Γöé       // forge-lint: disable-next-line(unsafe-typecast)
    Γöé       
    Γöé       
    Γò░ help: https://book.getfoundry.sh/reference/forge/forge-lint#unsafe-typecast

warning[erc20-unchecked-transfer]: ERC20 'transfer' and 'transferFrom' calls should check the return value
   Γò¡Γû╕ test\ZybraGroupFeeAudit.t.sol:84:9
   Γöé
84 Γöé         usdc.transfer(user2, 1_000_000e6);
   Γöé         ΓöüΓöüΓöüΓöüΓöüΓöüΓöüΓöüΓöüΓöüΓöüΓöüΓöüΓöüΓöüΓöüΓöüΓöüΓöüΓöüΓöüΓöüΓöüΓöüΓöüΓöüΓöüΓöüΓöüΓöüΓöüΓöüΓöü
   Γöé
   Γò░ help: https://book.getfoundry.sh/reference/forge/forge-lint#erc20-unchecked-transfer

warning[unsafe-typecast]: typecasts that can truncate values should be checked
    Γò¡Γû╕ src\mocks\MockYieldVault.sol:379:33
    Γöé
379 Γöé         _internalTotalAssets += uint128(newYield);
    Γöé                                 ΓöüΓöüΓöüΓöüΓöüΓöüΓöüΓöüΓöüΓöüΓöüΓöüΓöüΓöüΓöüΓöüΓöü
    Γöé
    Γö£ note: consider disabling this lint if you're certain the cast is safe
    Γöé       
    Γöé       // casting to 'uint128' is safe because [explain why]
    Γöé       // forge-lint: disable-next-line(unsafe-typecast)
    Γöé       
    Γöé       
    Γò░ help: https://book.getfoundry.sh/reference/forge/forge-lint#unsafe-typecast

warning[unsafe-typecast]: typecasts that can truncate values should be checked
    Γò¡Γû╕ src\mocks\MockYieldVault.sol:391:33
    Γöé
391 Γöé         _internalTotalAssets += uint128(amount);
    Γöé                                 ΓöüΓöüΓöüΓöüΓöüΓöüΓöüΓöüΓöüΓöüΓöüΓöüΓöüΓöüΓöü
    Γöé
    Γö£ note: consider disabling this lint if you're certain the cast is safe
    Γöé       
    Γöé       // casting to 'uint128' is safe because [explain why]
    Γöé       // forge-lint: disable-next-line(unsafe-typecast)
    Γöé       
    Γöé       
    Γò░ help: https://book.getfoundry.sh/reference/forge/forge-lint#unsafe-typecast

warning[erc20-unchecked-transfer]: ERC20 'transfer' and 'transferFrom' calls should check the return value
     Γò¡Γû╕ test\ZybraGroupV2MainnetFork.t.sol:1317:9
     Γöé
1317 Γöé         usdc.transfer(address(group), 100_000e6);
     Γöé         ΓöüΓöüΓöüΓöüΓöüΓöüΓöüΓöüΓöüΓöüΓöüΓöüΓöüΓöüΓöüΓöüΓöüΓöüΓöüΓöüΓöüΓöüΓöüΓöüΓöüΓöüΓöüΓöüΓöüΓöüΓöüΓöüΓöüΓöüΓöüΓöüΓöüΓöüΓöüΓöü
     Γöé
     Γò░ help: https://book.getfoundry.sh/reference/forge/forge-lint#erc20-unchecked-transfer

warning[erc20-unchecked-transfer]: ERC20 'transfer' and 'transferFrom' calls should check the return value
   Γò¡Γû╕ test\ZybraGroupFeeAudit.t.sol:85:9
   Γöé
85 Γöé         usdc.transfer(user3, 1_000_000e6);
   Γöé         ΓöüΓöüΓöüΓöüΓöüΓöüΓöüΓöüΓöüΓöüΓöüΓöüΓöüΓöüΓöüΓöüΓöüΓöüΓöüΓöüΓöüΓöüΓöüΓöüΓöüΓöüΓöüΓöüΓöüΓöüΓöüΓöüΓöü
   Γöé
   Γò░ help: https://book.getfoundry.sh/reference/forge/forge-lint#erc20-unchecked-transfer

warning[unsafe-typecast]: typecasts that can truncate values should be checked
    Γò¡Γû╕ src\ZybraGroup.sol:387:24
    Γöé
387 Γöé         m.rewardDebt = uint128((uint256(m.capitalInGroup) * accRewardPerShare) / ACC_PRECISION);
    Γöé                        ΓöüΓöüΓöüΓöüΓöüΓöüΓöüΓöüΓöüΓöüΓöüΓöüΓöüΓöüΓöüΓöüΓöüΓöüΓöüΓöüΓöüΓöüΓöüΓöüΓöüΓöüΓöüΓöüΓöüΓöüΓöüΓöüΓöüΓöüΓöüΓöüΓöüΓöüΓöüΓöüΓöüΓöüΓöüΓöüΓöüΓöüΓöüΓöüΓöüΓöüΓöüΓöüΓöüΓöüΓöüΓöüΓöüΓöüΓöüΓöüΓöüΓöüΓöüΓöüΓöüΓöüΓöüΓöüΓöüΓöüΓöüΓöü
    Γöé
    Γö£ note: consider disabling this lint if you're certain the cast is safe
    Γöé       
    Γöé       // casting to 'uint128' is safe because [explain why]
    Γöé       // forge-lint: disable-next-line(unsafe-typecast)
    Γöé       
    Γöé       
    Γò░ help: https://book.getfoundry.sh/reference/forge/forge-lint#unsafe-typecast

warning[erc20-unchecked-transfer]: ERC20 'transfer' and 'transferFrom' calls should check the return value
   Γò¡Γû╕ test\ZybraGroupFeeAudit.t.sol:86:9
   Γöé
86 Γöé         usdc.transfer(user4, 1_000_000e6);
   Γöé         ΓöüΓöüΓöüΓöüΓöüΓöüΓöüΓöüΓöüΓöüΓöüΓöüΓöüΓöüΓöüΓöüΓöüΓöüΓöüΓöüΓöüΓöüΓöüΓöüΓöüΓöüΓöüΓöüΓöüΓöüΓöüΓöüΓöü
   Γöé
   Γò░ help: https://book.getfoundry.sh/reference/forge/forge-lint#erc20-unchecked-transfer

warning[erc20-unchecked-transfer]: ERC20 'transfer' and 'transferFrom' calls should check the return value
   Γò¡Γû╕ test\ZybraGroupFeeAudit.t.sol:87:9
   Γöé
87 Γöé         usdc.transfer(user5, 1_000_000e6);
   Γöé         ΓöüΓöüΓöüΓöüΓöüΓöüΓöüΓöüΓöüΓöüΓöüΓöüΓöüΓöüΓöüΓöüΓöüΓöüΓöüΓöüΓöüΓöüΓöüΓöüΓöüΓöüΓöüΓöüΓöüΓöüΓöüΓöüΓöü
   Γöé
   Γò░ help: https://book.getfoundry.sh/reference/forge/forge-lint#erc20-unchecked-transfer

