forge : Warning: AST source not found for D:/Zybra-Codebase/Zybra-Contract/src\IZybraGroup.sol
At line:1 char:1
+ forge build 2>build_errors.txt; Get-Content build_errors.txt
+ ~~~~~~~~~~~~~~~~~~~~~~~~~~~~~~
    + CategoryInfo          : NotSpecified: (Warning: AST so...IZybraGroup.sol:String) [], RemoteException
    + FullyQualifiedErrorId : NativeCommandError
 
warning[unsafe-typecast]: typecasts that can truncate values should be checked
    Γò¡Γû╕ src\mocks\MockMetaMorpho.sol:127:15
    Γöé
127 Γöé         fee = uint96(newFee);
    Γöé               ΓöüΓöüΓöüΓöüΓöüΓöüΓöüΓöüΓöüΓöüΓöüΓöüΓöüΓöü
    Γöé
    Γö£ note: consider disabling this lint if you're certain the cast is safe
    Γöé       
    Γöé       // casting to 'uint96' is safe because [explain why]
    Γöé       // forge-lint: disable-next-line(unsafe-typecast)
    Γöé       
    Γöé       
    Γò░ help: https://book.getfoundry.sh/reference/forge/forge-lint#unsafe-typecast

warning[unsafe-typecast]: typecasts that can truncate values should be checked
    Γò¡Γû╕ src\ZybraGroup.sol:353:41
    Γöé
353 Γöé         unchecked { m.capitalInGroup += uint128(amount); }
    Γöé                                         ΓöüΓöüΓöüΓöüΓöüΓöüΓöüΓöüΓöüΓöüΓöüΓöüΓöüΓöüΓöü
    Γöé
    Γö£ note: consider disabling this lint if you're certain the cast is safe
    Γöé       
    Γöé       // casting to 'uint128' is safe because [explain why]
    Γöé       // forge-lint: disable-next-line(unsafe-typecast)
    Γöé       
    Γöé       
    Γò░ help: https://book.getfoundry.sh/reference/forge/forge-lint#unsafe-typecast

warning[unsafe-typecast]: typecasts that can truncate values should be checked
    Γò¡Γû╕ src\ZybraGroup.sol:356:25
    Γöé
356 Γöé         m.rewardDebt += uint128((amount * accRewardPerShare) / ACC_PRECISION);
    Γöé                         ΓöüΓöüΓöüΓöüΓöüΓöüΓöüΓöüΓöüΓöüΓöüΓöüΓöüΓöüΓöüΓöüΓöüΓöüΓöüΓöüΓöüΓöüΓöüΓöüΓöüΓöüΓöüΓöüΓöüΓöüΓöüΓöüΓöüΓöüΓö
üΓöüΓöüΓöüΓöüΓöüΓöüΓöüΓöüΓöüΓöüΓöüΓöüΓöüΓöüΓöüΓöüΓöüΓöü
    Γöé
    Γö£ note: consider disabling this lint if you're certain the cast is safe
    Γöé       
    Γöé       // casting to 'uint128' is safe because [explain why]
    Γöé       // forge-lint: disable-next-line(unsafe-typecast)
    Γöé       
    Γöé       
    Γò░ help: https://book.getfoundry.sh/reference/forge/forge-lint#unsafe-typecast

warning[unsafe-typecast]: typecasts that can truncate values should be checked
    Γò¡Γû╕ src\ZybraGroup.sol:357:34
    Γöé
357 Γöé         m.lastContributedCycle = uint32(currentCycle);
    Γöé                                  ΓöüΓöüΓöüΓöüΓöüΓöüΓöüΓöüΓöüΓöüΓöüΓöüΓöüΓöüΓöüΓöüΓöüΓöüΓöüΓöü
    Γöé
    Γö£ note: consider disabling this lint if you're certain the cast is safe
    Γöé       
    Γöé       // casting to 'uint32' is safe because [explain why]
    Γöé       // forge-lint: disable-next-line(unsafe-typecast)
    Γöé       
    Γöé       
    Γò░ help: https://book.getfoundry.sh/reference/forge/forge-lint#unsafe-typecast

warning[unsafe-typecast]: typecasts that can truncate values should be checked
    Γò¡Γû╕ src\ZybraGroup.sol:387:24
    Γöé
387 Γöé         m.rewardDebt = uint128((uint256(m.capitalInGroup) * accRewardPerShare) / ACC_PRECISION);
    Γöé                        ΓöüΓöüΓöüΓöüΓöüΓöüΓöüΓöüΓöüΓöüΓöüΓöüΓöüΓöüΓöüΓöüΓöüΓöüΓöüΓöüΓöüΓöüΓöüΓöüΓöüΓöüΓöüΓöüΓöüΓöüΓöüΓöüΓöüΓöüΓöü
ΓöüΓöüΓöüΓöüΓöüΓöüΓöüΓöüΓöüΓöüΓöüΓöüΓöüΓöüΓöüΓöüΓöüΓöüΓöüΓöüΓöüΓöüΓöüΓöüΓöüΓöüΓöüΓöüΓöüΓöüΓöüΓöüΓöüΓöüΓöüΓöüΓöü
    Γöé
    Γö£ note: consider disabling this lint if you're certain the cast is safe
    Γöé       
    Γöé       // casting to 'uint128' is safe because [explain why]
    Γöé       // forge-lint: disable-next-line(unsafe-typecast)
    Γöé       
    Γöé       
    Γò░ help: https://book.getfoundry.sh/reference/forge/forge-lint#unsafe-typecast

warning[erc20-unchecked-transfer]: ERC20 'transfer' and 'transferFrom' calls should check the return value
   Γò¡Γû╕ test\ZybraGroupFeeAudit.t.sol:82:9
   Γöé
82 Γöé         usdc.transfer(admin, 1_000_000e6);
   Γöé         ΓöüΓöüΓöüΓöüΓöüΓöüΓöüΓöüΓöüΓöüΓöüΓöüΓöüΓöüΓöüΓöüΓöüΓöüΓöüΓöüΓöüΓöüΓöüΓöüΓöüΓöüΓöüΓöüΓöüΓöüΓöüΓöüΓöü
   Γöé
   Γò░ help: https://book.getfoundry.sh/reference/forge/forge-lint#erc20-unchecked-transfer

warning[erc20-unchecked-transfer]: ERC20 'transfer' and 'transferFrom' calls should check the return value
   Γò¡Γû╕ test\ZybraGroupFeeAudit.t.sol:83:9
   Γöé
83 Γöé         usdc.transfer(user1, 1_000_000e6);
   Γöé         ΓöüΓöüΓöüΓöüΓöüΓöüΓöüΓöüΓöüΓöüΓöüΓöüΓöüΓöüΓöüΓöüΓöüΓöüΓöüΓöüΓöüΓöüΓöüΓöüΓöüΓöüΓöüΓöüΓöüΓöüΓöüΓöüΓöü
   Γöé
   Γò░ help: https://book.getfoundry.sh/reference/forge/forge-lint#erc20-unchecked-transfer

warning[erc20-unchecked-transfer]: ERC20 'transfer' and 'transferFrom' calls should check the return value
   Γò¡Γû╕ test\ZybraGroupFeeAudit.t.sol:84:9
   Γöé
84 Γöé         usdc.transfer(user2, 1_000_000e6);
   Γöé         ΓöüΓöüΓöüΓöüΓöüΓöüΓöüΓöüΓöüΓöüΓöüΓöüΓöüΓöüΓöüΓöüΓöüΓöüΓöüΓöüΓöüΓöüΓöüΓöüΓöüΓöüΓöüΓöüΓöüΓöüΓöüΓöüΓöü
   Γöé
   Γò░ help: https://book.getfoundry.sh/reference/forge/forge-lint#erc20-unchecked-transfer

warning[erc20-unchecked-transfer]: ERC20 'transfer' and 'transferFrom' calls should check the return value
   Γò¡Γû╕ test\ZybraGroupFeeAudit.t.sol:85:9
   Γöé
85 Γöé         usdc.transfer(user3, 1_000_000e6);
   Γöé         ΓöüΓöüΓöüΓöüΓöüΓöüΓöüΓöüΓöüΓöüΓöüΓöüΓöüΓöüΓöüΓöüΓöüΓöüΓöüΓöüΓöüΓöüΓöüΓöüΓöüΓöüΓöüΓöüΓöüΓöüΓöüΓöüΓöü
   Γöé
   Γò░ help: https://book.getfoundry.sh/reference/forge/forge-lint#erc20-unchecked-transfer

warning[erc20-unchecked-transfer]: ERC20 'transfer' and 'transferFrom' calls should check the return value
   Γò¡Γû╕ test\ZybraGroupFeeAudit.t.sol:86:9
   Γöé
86 Γöé         usdc.transfer(user4, 1_000_000e6);
   Γöé         ΓöüΓöüΓöüΓöüΓöüΓöüΓöüΓöüΓöüΓöüΓöüΓöüΓöüΓöüΓöüΓöüΓöüΓöüΓöüΓöüΓöüΓöüΓöüΓöüΓöüΓöüΓöüΓöüΓöüΓöüΓöüΓöüΓöü
   Γöé
   Γò░ help: https://book.getfoundry.sh/reference/forge/forge-lint#erc20-unchecked-transfer

warning[unsafe-typecast]: typecasts that can truncate values should be checked
    Γò¡Γû╕ src\mocks\MockYieldVault.sol:238:33
    Γöé
238 Γöé         _internalTotalAssets += uint128(assets);
    Γöé                                 ΓöüΓöüΓöüΓöüΓöüΓöüΓöüΓöüΓöüΓöüΓöüΓöüΓöüΓöüΓöü
    Γöé
    Γö£ note: consider disabling this lint if you're certain the cast is safe
    Γöé       
    Γöé       // casting to 'uint128' is safe because [explain why]
    Γöé       // forge-lint: disable-next-line(unsafe-typecast)
    Γöé       
    Γöé       
    Γò░ help: https://book.getfoundry.sh/reference/forge/forge-lint#unsafe-typecast

warning[erc20-unchecked-transfer]: ERC20 'transfer' and 'transferFrom' calls should check the return value
   Γò¡Γû╕ test\ZybraGroupV2SecurityTestsComplete.t.sol:40:9
   Γöé
40 Γöé         token.transferFrom(msg.sender, address(this), assets);
   Γöé         ΓöüΓöüΓöüΓöüΓöüΓöüΓöüΓöüΓöüΓöüΓöüΓöüΓöüΓöüΓöüΓöüΓöüΓöüΓöüΓöüΓöüΓöüΓöüΓöüΓöüΓöüΓöüΓöüΓöüΓöüΓöüΓöüΓöüΓöüΓöüΓöüΓöüΓöüΓöüΓöüΓ
öüΓöüΓöüΓöüΓöüΓöüΓöüΓöüΓöüΓöüΓöüΓöüΓöü
   Γöé
   Γò░ help: https://book.getfoundry.sh/reference/forge/forge-lint#erc20-unchecked-transfer

warning[erc20-unchecked-transfer]: ERC20 'transfer' and 'transferFrom' calls should check the return value
   Γò¡Γû╕ test\ZybraGroupFeeAudit.t.sol:87:9
   Γöé
87 Γöé         usdc.transfer(user5, 1_000_000e6);
   Γöé         ΓöüΓöüΓöüΓöüΓöüΓöüΓöüΓöüΓöüΓöüΓöüΓöüΓöüΓöüΓöüΓöüΓöüΓöüΓöüΓöüΓöüΓöüΓöüΓöüΓöüΓöüΓöüΓöüΓöüΓöüΓöüΓöüΓöü
   Γöé
   Γò░ help: https://book.getfoundry.sh/reference/forge/forge-lint#erc20-unchecked-transfer

warning[erc20-unchecked-transfer]: ERC20 'transfer' and 'transferFrom' calls should check the return value
   Γò¡Γû╕ test\ZybraGroupV2SecurityTestsComplete.t.sol:48:9
   Γöé
48 Γöé         token.transfer(receiver, assets);
   Γöé         ΓöüΓöüΓöüΓöüΓöüΓöüΓöüΓöüΓöüΓöüΓöüΓöüΓöüΓöüΓöüΓöüΓöüΓöüΓöüΓöüΓöüΓöüΓöüΓöüΓöüΓöüΓöüΓöüΓöüΓöüΓöüΓöü
   Γöé
   Γò░ help: https://book.getfoundry.sh/reference/forge/forge-lint#erc20-unchecked-transfer

warning[unsafe-typecast]: typecasts that can truncate values should be checked
    Γò¡Γû╕ src\mocks\MockYieldVault.sol:265:55
    Γöé
265 Γöé         _internalTotalAssets = _internalTotalAssets > uint128(assets) ? _internalTotalAssets - uint128(assets) : 0;
    Γöé                                                       ΓöüΓöüΓöüΓöüΓöüΓöüΓöüΓöüΓöüΓöüΓöüΓöüΓöüΓöüΓöü
    Γöé
    Γö£ note: consider disabling this lint if you're certain the cast is safe
    Γöé       
    Γöé       // casting to 'uint128' is safe because [explain why]
    Γöé       // forge-lint: disable-next-line(unsafe-typecast)
    Γöé       
    Γöé       
    Γò░ help: https://book.getfoundry.sh/reference/forge/forge-lint#unsafe-typecast

warning[unsafe-typecast]: typecasts that can truncate values should be checked
    Γò¡Γû╕ src\mocks\MockYieldVault.sol:265:96
    Γöé
265 Γöé         _internalTotalAssets = _internalTotalAssets > uint128(assets) ? _internalTotalAssets - uint128(assets) : 0;
    Γöé                                                                                                
ΓöüΓöüΓöüΓöüΓöüΓöüΓöüΓöüΓöüΓöüΓöüΓöüΓöüΓöüΓöü
    Γöé
    Γö£ note: consider disabling this lint if you're certain the cast is safe
    Γöé       
    Γöé       // casting to 'uint128' is safe because [explain why]
    Γöé       // forge-lint: disable-next-line(unsafe-typecast)
    Γöé       
    Γöé       
    Γò░ help: https://book.getfoundry.sh/reference/forge/forge-lint#unsafe-typecast

warning[unsafe-typecast]: typecasts that can truncate values should be checked
    Γò¡Γû╕ src\mocks\MockYieldVault.sol:287:32
    Γöé
287 Γöé         _internalTotalAssets = uint128(newTotalAssets);
    Γöé                                ΓöüΓöüΓöüΓöüΓöüΓöüΓöüΓöüΓöüΓöüΓöüΓöüΓöüΓöüΓöüΓöüΓöüΓöüΓöüΓöüΓöüΓöüΓöü
    Γöé
    Γö£ note: consider disabling this lint if you're certain the cast is safe
    Γöé       
    Γöé       // casting to 'uint128' is safe because [explain why]
    Γöé       // forge-lint: disable-next-line(unsafe-typecast)
    Γöé       
    Γöé       
    Γò░ help: https://book.getfoundry.sh/reference/forge/forge-lint#unsafe-typecast

warning[unsafe-typecast]: typecasts that can truncate values should be checked
    Γò¡Γû╕ src\mocks\MockYieldVault.sol:379:33
    Γöé
379 Γöé         _internalTotalAssets += uint128(newYield);
    Γöé                                 ΓöüΓöüΓöüΓöüΓöüΓöüΓöüΓöüΓöüΓöüΓöüΓöüΓöüΓöüΓöüΓöüΓöü
    Γöé
    Γö£ note: consider disabling this lint if you're certain the cast is safe
    Γöé       
    Γöé       // casting to 'uint128' is safe because [explain why]
    Γöé       // forge-lint: disable-next-line(unsafe-typecast)
    Γöé       
    Γöé       
    Γò░ help: https://book.getfoundry.sh/reference/forge/forge-lint#unsafe-typecast

warning[unsafe-typecast]: typecasts that can truncate values should be checked
    Γò¡Γû╕ src\mocks\MockYieldVault.sol:391:33
    Γöé
391 Γöé         _internalTotalAssets += uint128(amount);
    Γöé                                 ΓöüΓöüΓöüΓöüΓöüΓöüΓöüΓöüΓöüΓöüΓöüΓöüΓöüΓöüΓöü
    Γöé
    Γö£ note: consider disabling this lint if you're certain the cast is safe
    Γöé       
    Γöé       // casting to 'uint128' is safe because [explain why]
    Γöé       // forge-lint: disable-next-line(unsafe-typecast)
    Γöé       
    Γöé       
    Γò░ help: https://book.getfoundry.sh/reference/forge/forge-lint#unsafe-typecast

warning[erc20-unchecked-transfer]: ERC20 'transfer' and 'transferFrom' calls should check the return value
    Γò¡Γû╕ test\ZybraGroupV2MainnetFork.t.sol:128:9
    Γöé
128 Γöé         usdc.transfer(admin, 500_000e6);
    Γöé         ΓöüΓöüΓöüΓöüΓöüΓöüΓöüΓöüΓöüΓöüΓöüΓöüΓöüΓöüΓöüΓöüΓöüΓöüΓöüΓöüΓöüΓöüΓöüΓöüΓöüΓöüΓöüΓöüΓöüΓöüΓöü
    Γöé
    Γò░ help: https://book.getfoundry.sh/reference/forge/forge-lint#erc20-unchecked-transfer

warning[erc20-unchecked-transfer]: ERC20 'transfer' and 'transferFrom' calls should check the return value
    Γò¡Γû╕ test\ZybraGroupV2MainnetFork.t.sol:129:9
    Γöé
129 Γöé         usdc.transfer(user1, 500_000e6);
    Γöé         ΓöüΓöüΓöüΓöüΓöüΓöüΓöüΓöüΓöüΓöüΓöüΓöüΓöüΓöüΓöüΓöüΓöüΓöüΓöüΓöüΓöüΓöüΓöüΓöüΓöüΓöüΓöüΓöüΓöüΓöüΓöü
    Γöé
    Γò░ help: https://book.getfoundry.sh/reference/forge/forge-lint#erc20-unchecked-transfer

warning[erc20-unchecked-transfer]: ERC20 'transfer' and 'transferFrom' calls should check the return value
    Γò¡Γû╕ test\ZybraGroupV2MainnetFork.t.sol:130:9
    Γöé
130 Γöé         usdc.transfer(user2, 500_000e6);
    Γöé         ΓöüΓöüΓöüΓöüΓöüΓöüΓöüΓöüΓöüΓöüΓöüΓöüΓöüΓöüΓöüΓöüΓöüΓöüΓöüΓöüΓöüΓöüΓöüΓöüΓöüΓöüΓöüΓöüΓöüΓöüΓöü
    Γöé
    Γò░ help: https://book.getfoundry.sh/reference/forge/forge-lint#erc20-unchecked-transfer

warning[erc20-unchecked-transfer]: ERC20 'transfer' and 'transferFrom' calls should check the return value
    Γò¡Γû╕ test\ZybraGroupV2MainnetFork.t.sol:131:9
    Γöé
131 Γöé         usdc.transfer(user3, 500_000e6);
    Γöé         ΓöüΓöüΓöüΓöüΓöüΓöüΓöüΓöüΓöüΓöüΓöüΓöüΓöüΓöüΓöüΓöüΓöüΓöüΓöüΓöüΓöüΓöüΓöüΓöüΓöüΓöüΓöüΓöüΓöüΓöüΓöü
    Γöé
    Γò░ help: https://book.getfoundry.sh/reference/forge/forge-lint#erc20-unchecked-transfer

warning[erc20-unchecked-transfer]: ERC20 'transfer' and 'transferFrom' calls should check the return value
    Γò¡Γû╕ test\ZybraGroupV2MainnetFork.t.sol:132:9
    Γöé
132 Γöé         usdc.transfer(user4, 500_000e6);
    Γöé         ΓöüΓöüΓöüΓöüΓöüΓöüΓöüΓöüΓöüΓöüΓöüΓöüΓöüΓöüΓöüΓöüΓöüΓöüΓöüΓöüΓöüΓöüΓöüΓöüΓöüΓöüΓöüΓöüΓöüΓöüΓöü
    Γöé
    Γò░ help: https://book.getfoundry.sh/reference/forge/forge-lint#erc20-unchecked-transfer

warning[erc20-unchecked-transfer]: ERC20 'transfer' and 'transferFrom' calls should check the return value
    Γò¡Γû╕ test\ZybraGroupV2MainnetFork.t.sol:133:9
    Γöé
133 Γöé         usdc.transfer(user5, 500_000e6);
    Γöé         ΓöüΓöüΓöüΓöüΓöüΓöüΓöüΓöüΓöüΓöüΓöüΓöüΓöüΓöüΓöüΓöüΓöüΓöüΓöüΓöüΓöüΓöüΓöüΓöüΓöüΓöüΓöüΓöüΓöüΓöüΓöü
    Γöé
    Γò░ help: https://book.getfoundry.sh/reference/forge/forge-lint#erc20-unchecked-transfer

warning[erc20-unchecked-transfer]: ERC20 'transfer' and 'transferFrom' calls should check the return value
     Γò¡Γû╕ test\ZybraGroupV2MainnetFork.t.sol:1317:9
     Γöé
1317 Γöé         usdc.transfer(address(group), 100_000e6);
     Γöé         
ΓöüΓöüΓöüΓöüΓöüΓöüΓöüΓöüΓöüΓöüΓöüΓöüΓöüΓöüΓöüΓöüΓöüΓöüΓöüΓöüΓöüΓöüΓöüΓöüΓöüΓöüΓöüΓöüΓöüΓöüΓöüΓöüΓöüΓöüΓöüΓöüΓöüΓöüΓöüΓöü
     Γöé
     Γò░ help: https://book.getfoundry.sh/reference/forge/forge-lint#erc20-unchecked-transfer

