Compiling 91 files with Solc 0.8.20
