Compiling 91 files with Solc 0.8.20
Solc 0.8.20 finished in 142.54s
Compiler run successful with warnings:
Warning (2072): Unused local variable.
   --> test/ZybraGroupV2Comprehensive.t.sol:789:9:
    |
789 |         uint256 claim1 = usdc.balanceOf(alice) - bal1;
    |         ^^^^^^^^^^^^^^

Warning (2072): Unused local variable.
   --> test/ZybraGroupV2MainnetFork.t.sol:695:13:
    |
695 |             uint256 expectedFee = (pending * 100) / 10_000; // 1%
    |             ^^^^^^^^^^^^^^^^^^^

Warning (2072): Unused local variable.
  --> test/ZybraGroupV2ParameterAudit.t.sol:74:10:
   |
74 |         (uint256 capital, , , bool isActive, ) = group.getMemberInfo(user1);
   |          ^^^^^^^^^^^^^^^

Warning (2072): Unused local variable.
  --> test/ZybraGroupV2ParameterAudit.t.sol:88:10:
   |
88 |         (uint256 capital, , , bool isActive, ) = group.getMemberInfo(user1);
   |          ^^^^^^^^^^^^^^^

Warning (5667): Unused function parameter. Remove or comment out the variable name to silence this warning.
  --> test/ZybraGroupV2SecurityTestsComplete.t.sol:39:38:
   |
39 |     function deposit(uint256 assets, address receiver) public returns (uint256) {
   |                                      ^^^^^^^^^^^^^^^^

Warning (5667): Unused function parameter. Remove or comment out the variable name to silence this warning.
  --> test/ZybraGroupV2SecurityTestsComplete.t.sol:47:57:
   |
47 |     function withdraw(uint256 assets, address receiver, address owner) public returns (uint256) {
   |                                                         ^^^^^^^^^^^^^

Warning (5667): Unused function parameter. Remove or comment out the variable name to silence this warning.
  --> test/ZybraGroupV2SecurityTestsComplete.t.sol:59:24:
   |
59 |     function balanceOf(address account) public view returns (uint256) {
   |                        ^^^^^^^^^^^^^^^

Warning (2018): Function state mutability can be restricted to view
  --> src/mocks/MockMorpho.sol:91:5:
   |
91 |     function setFee(MarketParams memory, uint256 /* newFee */) external override {
   |     ^ (Relevant source part starts here and spans across multiple lines).

Warning (2018): Function state mutability can be restricted to view
  --> test/MockMorphVault.t.sol:72:5:
   |
72 |     function test_Deployment() public {
   |     ^ (Relevant source part starts here and spans across multiple lines).

Warning (2018): Function state mutability can be restricted to view
   --> test/ZybraGroupV2Comprehensive.t.sol:286:5:
    |
286 |     function test_Factory_GetGroupsInfo() public {
    |     ^ (Relevant source part starts here and spans across multiple lines).

Warning (2018): Function state mutability can be restricted to view
    --> test/ZybraGroupV2Comprehensive.t.sol:1602:5:
     |
1602 |     function test_Edge_GetGroupStatusView() public {
     |     ^ (Relevant source part starts here and spans across multiple lines).

Warning (2018): Function state mutability can be restricted to view
   --> test/ZybraGroupV2Security.t.sol:517:5:
    |
517 |     function test_protocolFeeIs1Percent() public {
    |     ^ (Relevant source part starts here and spans across multiple lines).

Warning (2018): Function state mutability can be restricted to view
   --> test/ZybraGroupV2Security.t.sol:534:5:
    |
534 |     function test_feeAssetMatchesGroupAsset() public {
    |     ^ (Relevant source part starts here and spans across multiple lines).

Warning (2018): Function state mutability can be restricted to view
   --> test/ZybraGroupV2Security.t.sol:538:5:
    |
538 |     function test_treasuryAddressIsCorrect() public {
    |     ^ (Relevant source part starts here and spans across multiple lines).

forge.exe : note[unaliased-plain-import]: use named imports '{A, B}' or alias 
'import ".." as X'
At line:1 char:1
+ & "$env:USERPROFILE\.foundry\bin\forge.exe" build --force *> "e:\Zybr ...
+ ~~~~~~~~~~~~~~~~~~~~~~~~~~~~~~~~~~~~~~~~~~~~~~~~~~~~~~~~~~~~~~~~~~~~~
    + CategoryInfo          : NotSpecified: (note[unaliased-...port ".." as X 
   ':String) [], RemoteException
    + FullyQualifiedErrorId : NativeCommandError
 
 --> E:\Zybra-Codebase\zybra-contract\script\DeployZybraV2Sepolia.s.sol:4:8
  |
4 | import "forge-std/Script.sol";
  |        ----------------------
  |
  = help: 
https://book.getfoundry.sh/reference/forge/forge-lint#unaliased-plain-import

note[unaliased-plain-import]: use named imports '{A, B}' or alias 'import 
".." as X'
 --> E:\Zybra-Codebase\zybra-contract\script\DeployAndTestYield.s.sol:4:8
  |
4 | import "forge-std/Script.sol";
  |        ----------------------
  |
  = help: 
https://book.getfoundry.sh/reference/forge/forge-lint#unaliased-plain-import

note[unaliased-plain-import]: use named imports '{A, B}' or alias 'import 
".." as X'
 --> E:\Zybra-Codebase\zybra-contract\script\DeployAndTestYield.s.sol:5:8
  |
5 | import "forge-std/console.sol";
  |        -----------------------
  |
  = help: 
https://book.getfoundry.sh/reference/forge/forge-lint#unaliased-plain-import

note[unaliased-plain-import]: use named imports '{A, B}' or alias 'import 
".." as X'
 --> E:\Zybra-Codebase\zybra-contract\script\DeployAndTestYield.s.sol:6:8
  |
6 | import "../src/ZybraGroupV2.sol";
  |        -------------------------
  |
  = help: 
https://book.getfoundry.sh/reference/forge/forge-lint#unaliased-plain-import

note[unaliased-plain-import]: use named imports '{A, B}' or alias 'import 
".." as X'
 --> E:\Zybra-Codebase\zybra-contract\script\DeployAndTestYield.s.sol:7:8
  |
7 | import "../src/ZybraGroupFactoryV2.sol";
  |        --------------------------------
  |
  = help: 
https://book.getfoundry.sh/reference/forge/forge-lint#unaliased-plain-import

note[unaliased-plain-import]: use named imports '{A, B}' or alias 'import 
".." as X'
 --> E:\Zybra-Codebase\zybra-contract\script\DeployAndTestYield.s.sol:8:8
  |
8 | import "../src/mocks/MockYieldVault.sol";
  |        ---------------------------------
  |
  = help: 
https://book.getfoundry.sh/reference/forge/forge-lint#unaliased-plain-import

note[unaliased-plain-import]: use named imports '{A, B}' or alias 'import 
".." as X'
 --> E:\Zybra-Codebase\zybra-contract\script\DeployAndTestYield.s.sol:9:8
  |
9 | import "../src/mocks/MockERC20.sol";
  |        ----------------------------
  |
  = help: 
https://book.getfoundry.sh/reference/forge/forge-lint#unaliased-plain-import

note[unaliased-plain-import]: use named imports '{A, B}' or alias 'import 
".." as X'
 --> E:\Zybra-Codebase\zybra-contract\script\DeployZybraV2Sepolia.s.sol:5:8
  |
5 | import "forge-std/console.sol";
  |        -----------------------
  |
  = help: 
https://book.getfoundry.sh/reference/forge/forge-lint#unaliased-plain-import

note[unaliased-plain-import]: use named imports '{A, B}' or alias 'import 
".." as X'
 --> E:\Zybra-Codebase\zybra-contract\script\DeployZybraV2Sepolia.s.sol:6:8
  |
6 | import "../src/ZybraGroupV2.sol";
  |        -------------------------
  |
  = help: 
https://book.getfoundry.sh/reference/forge/forge-lint#unaliased-plain-import

note[unaliased-plain-import]: use named imports '{A, B}' or alias 'import 
".." as X'
 --> E:\Zybra-Codebase\zybra-contract\script\DeployZybraV2Sepolia.s.sol:7:8
  |
7 | import "../src/ZybraGroupFactoryV2.sol";
  |        --------------------------------
  |
  = help: 
https://book.getfoundry.sh/reference/forge/forge-lint#unaliased-plain-import

note[unaliased-plain-import]: use named imports '{A, B}' or alias 'import 
".." as X'
 --> E:\Zybra-Codebase\zybra-contract\script\DeployZybraV2Sepolia.s.sol:8:8
  |
8 | import "../src/mocks/MockYieldVault.sol";
  |        ---------------------------------
  |
  = help: 
https://book.getfoundry.sh/reference/forge/forge-lint#unaliased-plain-import

note[unaliased-plain-import]: use named imports '{A, B}' or alias 'import 
".." as X'
 --> E:\Zybra-Codebase\zybra-contract\script\DeployZybraV2Sepolia.s.sol:9:8
  |
9 | import "../src/treasury/Treasury.sol";
  |        ------------------------------
  |
  = help: 
https://book.getfoundry.sh/reference/forge/forge-lint#unaliased-plain-import

note[unaliased-plain-import]: use named imports '{A, B}' or alias 'import 
".." as X'
  --> E:\Zybra-Codebase\zybra-contract\script\DeployZybraV2Sepolia.s.sol:10:8
   |
10 | import "../src/treasury/FeeCollector.sol";
   |        ----------------------------------
   |
   = help: 
https://book.getfoundry.sh/reference/forge/forge-lint#unaliased-plain-import

note[unaliased-plain-import]: use named imports '{A, B}' or alias 'import 
".." as X'
 --> E:\Zybra-Codebase\zybra-contract\script\DeployMainnet.s.sol:4:8
  |
4 | import "forge-std/Script.sol";
  |        ----------------------
  |
  = help: 
https://book.getfoundry.sh/reference/forge/forge-lint#unaliased-plain-import

note[unaliased-plain-import]: use named imports '{A, B}' or alias 'import 
".." as X'
 --> E:\Zybra-Codebase\zybra-contract\script\DeployMainnet.s.sol:5:8
  |
5 | import "forge-std/console.sol";
  |        -----------------------
  |
  = help: 
https://book.getfoundry.sh/reference/forge/forge-lint#unaliased-plain-import

note[unaliased-plain-import]: use named imports '{A, B}' or alias 'import 
".." as X'
 --> E:\Zybra-Codebase\zybra-contract\script\DeployMainnet.s.sol:6:8
  |
6 | import "../src/ZybraGroupFactoryV2.sol";
  |        --------------------------------
  |
  = help: 
https://book.getfoundry.sh/reference/forge/forge-lint#unaliased-plain-import

note[unaliased-plain-import]: use named imports '{A, B}' or alias 'import 
".." as X'
 --> E:\Zybra-Codebase\zybra-contract\script\DeployFactoryV2Only.s.sol:4:8
  |
4 | import "forge-std/Script.sol";
  |        ----------------------
  |
  = help: 
https://book.getfoundry.sh/reference/forge/forge-lint#unaliased-plain-import

note[unaliased-plain-import]: use named imports '{A, B}' or alias 'import 
".." as X'
 --> E:\Zybra-Codebase\zybra-contract\script\DeployFactoryV2Only.s.sol:5:8
  |
5 | import "forge-std/console.sol";
  |        -----------------------
  |
  = help: 
https://book.getfoundry.sh/reference/forge/forge-lint#unaliased-plain-import

note[unaliased-plain-import]: use named imports '{A, B}' or alias 'import 
".." as X'
 --> E:\Zybra-Codebase\zybra-contract\script\DeployFactoryV2Only.s.sol:6:8
  |
6 | import "../src/ZybraGroupFactoryV2.sol";
  |        --------------------------------
  |
  = help: 
https://book.getfoundry.sh/reference/forge/forge-lint#unaliased-plain-import

note[unaliased-plain-import]: use named imports '{A, B}' or alias 'import 
".." as X'
 --> E:\Zybra-Codebase\zybra-contract\script\DeployFactoryAndVault.s.sol:4:8
  |
4 | import "forge-std/Script.sol";
  |        ----------------------
  |
  = help: 
https://book.getfoundry.sh/reference/forge/forge-lint#unaliased-plain-import

note[unaliased-plain-import]: use named imports '{A, B}' or alias 'import 
".." as X'
 --> E:\Zybra-Codebase\zybra-contract\script\DeployFactoryAndVault.s.sol:5:8
  |
5 | import "forge-std/console.sol";
  |        -----------------------
  |
  = help: 
https://book.getfoundry.sh/reference/forge/forge-lint#unaliased-plain-import

note[unaliased-plain-import]: use named imports '{A, B}' or alias 'import 
".." as X'
 --> E:\Zybra-Codebase\zybra-contract\script\DeployFactoryAndVault.s.sol:6:8
  |
6 | import "../src/ZybraGroupV2.sol";
  |        -------------------------
  |
  = help: 
https://book.getfoundry.sh/reference/forge/forge-lint#unaliased-plain-import

note[unaliased-plain-import]: use named imports '{A, B}' or alias 'import 
".." as X'
 --> E:\Zybra-Codebase\zybra-contract\script\DeployFactoryAndVault.s.sol:7:8
  |
7 | import "../src/ZybraGroupFactoryV2.sol";
  |        --------------------------------
  |
  = help: 
https://book.getfoundry.sh/reference/forge/forge-lint#unaliased-plain-import

note[unaliased-plain-import]: use named imports '{A, B}' or alias 'import 
".." as X'
 --> E:\Zybra-Codebase\zybra-contract\script\DeployFactoryAndVault.s.sol:8:8
  |
8 | import "../src/mocks/MockYieldVault.sol";
  |        ---------------------------------
  |
  = help: 
https://book.getfoundry.sh/reference/forge/forge-lint#unaliased-plain-import

note[unaliased-plain-import]: use named imports '{A, B}' or alias 'import 
".." as X'
 --> E:\Zybra-Codebase\zybra-contract\src\ZrUSD.sol:4:8
  |
4 | import "@openzeppelin/contracts/token/ERC20/extensions/ERC4626.sol";
  |        ------------------------------------------------------------
  |
  = help: 
https://book.getfoundry.sh/reference/forge/forge-lint#unaliased-plain-import

note[unaliased-plain-import]: use named imports '{A, B}' or alias 'import 
".." as X'
  --> 
E:\Zybra-Codebase\zybra-contract\script\DeployZybraV2Production.s.sol:15:8
   |
15 | import "forge-std/Script.sol";
   |        ----------------------
   |
   = help: 
https://book.getfoundry.sh/reference/forge/forge-lint#unaliased-plain-import

note[unused-import]: unused imports should be removed
  --> E:\Zybra-Codebase\zybra-contract\script\DeployZybraV2Sepolia.s.sol:11:9
   |
11 | import {IERC20} from "@openzeppelin/contracts/token/ERC20/IERC20.sol";
   |         ------
   |
   = help: https://book.getfoundry.sh/reference/forge/forge-lint#unused-import

note[mixed-case-function]: function names should use mixedCase
  --> E:\Zybra-Codebase\zybra-contract\src\interfaces\IMorpho.sol:44:14
   |
44 |     function DOMAIN_SEPARATOR() external view returns (bytes32);
   |              ----------------
   |
   = help: 
https://book.getfoundry.sh/reference/forge/forge-lint#mixed-case-function

note[screaming-snake-case-immutable]: immutables should use 
SCREAMING_SNAKE_CASE
  --> E:\Zybra-Codebase\zybra-contract\src\ZybraGroupV2.sol:56:30
   |
56 |     address public immutable admin;
   |                              -----
   |
   = help: https://book.getfoundry.sh/reference/forge/forge-lint#screaming-sna
ke-case-immutable

note[screaming-snake-case-immutable]: immutables should use 
SCREAMING_SNAKE_CASE
  --> E:\Zybra-Codebase\zybra-contract\src\ZybraGroupV2.sol:57:29
   |
57 |     IERC20 public immutable asset;
   |                             -----
   |
   = help: https://book.getfoundry.sh/reference/forge/forge-lint#screaming-sna
ke-case-immutable

note[unaliased-plain-import]: use named imports '{A, B}' or alias 'import 
".." as X'
 --> E:\Zybra-Codebase\zybra-contract\script\DeployZybraV2.s.sol:4:8
  |
4 | import "forge-std/Script.sol";
  |        ----------------------
  |
  = help: 
https://book.getfoundry.sh/reference/forge/forge-lint#unaliased-plain-import

note[unaliased-plain-import]: use named imports '{A, B}' or alias 'import 
".." as X'
 --> E:\Zybra-Codebase\zybra-contract\script\DeployZybraV2.s.sol:5:8
  |
5 | import "forge-std/console.sol";
  |        -----------------------
  |
  = help: 
https://book.getfoundry.sh/reference/forge/forge-lint#unaliased-plain-import

note[unaliased-plain-import]: use named imports '{A, B}' or alias 'import 
".." as X'
 --> E:\Zybra-Codebase\zybra-contract\script\DeployZybraV2.s.sol:6:8
  |
6 | import "../src/ZybraGroupV2.sol";
  |        -------------------------
  |
  = help: 
https://book.getfoundry.sh/reference/forge/forge-lint#unaliased-plain-import

note[unaliased-plain-import]: use named imports '{A, B}' or alias 'import 
".." as X'
 --> E:\Zybra-Codebase\zybra-contract\script\DeployZybraV2.s.sol:7:8
  |
7 | import "../src/ZybraGroupFactoryV2.sol";
  |        --------------------------------
  |
  = help: 
https://book.getfoundry.sh/reference/forge/forge-lint#unaliased-plain-import

note[unaliased-plain-import]: use named imports '{A, B}' or alias 'import 
".." as X'
 --> E:\Zybra-Codebase\zybra-contract\script\DeployZybraV2.s.sol:8:8
  |
8 | import "../src/mocks/MockYieldVault.sol";
  |        ---------------------------------
  |
  = help: 
https://book.getfoundry.sh/reference/forge/forge-lint#unaliased-plain-import

note[unaliased-plain-import]: use named imports '{A, B}' or alias 'import 
".." as X'
 --> E:\Zybra-Codebase\zybra-contract\script\DeployZybraV2.s.sol:9:8
  |
9 | import "../src/mocks/MockERC20.sol";
  |        ----------------------------
  |
  = help: 
https://book.getfoundry.sh/reference/forge/forge-lint#unaliased-plain-import

note[unused-import]: unused imports should be removed
 --> E:\Zybra-Codebase\zybra-contract\src\mocks\MockMetaMorpho.sol:5:9
  |
5 | import {IERC4626} from "@openzeppelin/contracts/interfaces/IERC4626.sol";
  |         --------
  |
  = help: https://book.getfoundry.sh/reference/forge/forge-lint#unused-import

note[screaming-snake-case-immutable]: immutables should use 
SCREAMING_SNAKE_CASE
  --> E:\Zybra-Codebase\zybra-contract\src\ZybraGroupV2.sol:58:37
   |
58 |     IMorphoVaultV2 public immutable vault;
   |                                     -----
   |
   = help: https://book.getfoundry.sh/reference/forge/forge-lint#screaming-sna
ke-case-immutable

note[screaming-snake-case-immutable]: immutables should use 
SCREAMING_SNAKE_CASE
  --> E:\Zybra-Codebase\zybra-contract\src\ZybraGroupV2.sol:59:30
   |
59 |     uint256 public immutable contributionAmount;
   |                              ------------------
   |
   = help: https://book.getfoundry.sh/reference/forge/forge-lint#screaming-sna
ke-case-immutable

note[screaming-snake-case-immutable]: immutables should use 
SCREAMING_SNAKE_CASE
  --> E:\Zybra-Codebase\zybra-contract\src\ZybraGroupV2.sol:60:30
   |
60 |     uint256 public immutable cycleDuration;
   |                              -------------
   |
   = help: https://book.getfoundry.sh/reference/forge/forge-lint#screaming-sna
ke-case-immutable

note[screaming-snake-case-immutable]: immutables should use 
SCREAMING_SNAKE_CASE
  --> E:\Zybra-Codebase\zybra-contract\src\ZybraGroupV2.sol:61:30
   |
61 |     uint256 public immutable totalCycles;
   |                              -----------
   |
   = help: https://book.getfoundry.sh/reference/forge/forge-lint#screaming-sna
ke-case-immutable

note[unaliased-plain-import]: use named imports '{A, B}' or alias 'import 
".." as X'
 --> E:\Zybra-Codebase\zybra-contract\src\MetaMorphoFactory.sol:4:8
  |
4 | import "./mocks/MockMetaMorpho.sol";
  |        ----------------------------
  |
  = help: 
https://book.getfoundry.sh/reference/forge/forge-lint#unaliased-plain-import

note[mixed-case-function]: function names should use mixedCase
   --> E:\Zybra-Codebase\zybra-contract\src\mocks\MockMorphVault.sol:435:14
    |
435 |     function currentAPY() external view returns (uint256) {
    |              ----------
    |
    = help: 
https://book.getfoundry.sh/reference/forge/forge-lint#mixed-case-function

note[mixed-case-variable]: mutable variables should use mixedCase
  --> 
E:\Zybra-Codebase\zybra-contract\src\libraries\TimeWeightedCapital.sol:42:33
   |
42 |     function yieldShare(uint256 uCS, uint256 tCS, uint256 y) internal 
pure returns (uint256) {
   |                                 ---
   |
   = help: 
https://book.getfoundry.sh/reference/forge/forge-lint#mixed-case-variable

note[mixed-case-variable]: mutable variables should use mixedCase
  --> 
E:\Zybra-Codebase\zybra-contract\src\libraries\TimeWeightedCapital.sol:42:46
   |
42 |     function yieldShare(uint256 uCS, uint256 tCS, uint256 y) internal 
pure returns (uint256) {
   |                                              ---
   |
   = help: 
https://book.getfoundry.sh/reference/forge/forge-lint#mixed-case-variable

note[mixed-case-variable]: mutable variables should use mixedCase
  --> 
E:\Zybra-Codebase\zybra-contract\src\libraries\TimeWeightedCapital.sol:53:43
   |
53 |     function yieldRate(uint256 y, uint256 tCS) internal pure returns 
(uint256) {
   |                                           ---
   |
   = help: 
https://book.getfoundry.sh/reference/forge/forge-lint#mixed-case-variable

note[mixed-case-variable]: mutable variables should use mixedCase
  --> 
E:\Zybra-Codebase\zybra-contract\src\libraries\TimeWeightedCapital.sol:77:30
   |
77 |     function pending(uint256 uCS, uint256 rate, uint256 debt) internal 
pure returns (uint256) {
   |                              ---
   |
   = help: 
https://book.getfoundry.sh/reference/forge/forge-lint#mixed-case-variable

note[unaliased-plain-import]: use named imports '{A, B}' or alias 'import 
".." as X'
  --> 
E:\Zybra-Codebase\zybra-contract\script\DeployZybraV2Production.s.sol:16:8
   |
16 | import "forge-std/console.sol";
   |        -----------------------
   |
   = help: 
https://book.getfoundry.sh/reference/forge/forge-lint#unaliased-plain-import

note[unaliased-plain-import]: use named imports '{A, B}' or alias 'import 
".." as X'
  --> 
E:\Zybra-Codebase\zybra-contract\script\DeployZybraV2Production.s.sol:17:8
   |
17 | import "../src/ZybraGroupV2.sol";
   |        -------------------------
   |
   = help: 
https://book.getfoundry.sh/reference/forge/forge-lint#unaliased-plain-import

note[unaliased-plain-import]: use named imports '{A, B}' or alias 'import 
".." as X'
  --> 
E:\Zybra-Codebase\zybra-contract\script\DeployZybraV2Production.s.sol:18:8
   |
18 | import "../src/ZybraGroupFactoryV2.sol";
   |        --------------------------------
   |
   = help: 
https://book.getfoundry.sh/reference/forge/forge-lint#unaliased-plain-import

note[unaliased-plain-import]: use named imports '{A, B}' or alias 'import 
".." as X'
 --> E:\Zybra-Codebase\zybra-contract\test\MockYieldVault.t.sol:4:8
  |
4 | import "forge-std/Test.sol";
  |        --------------------
  |
  = help: 
https://book.getfoundry.sh/reference/forge/forge-lint#unaliased-plain-import

note[unused-import]: unused imports should be removed
 --> E:\Zybra-Codebase\zybra-contract\src\MetaMorphoFactory.sol:5:9
  |
5 | import {IMorpho} from "./interfaces/IMorpho.sol";
  |         -------
  |
  = help: https://book.getfoundry.sh/reference/forge/forge-lint#unused-import

warning[erc20-unchecked-transfer]: ERC20 'transfer' and 'transferFrom' calls 
should check the return value
   --> E:\Zybra-Codebase\zybra-contract\test\TreasuryArchitecture.t.sol:101:9
    |
101 |         usdc.transfer(admin, 100_000e6);
    |         -------------------------------
    |
    = help: 
https://book.getfoundry.sh/reference/forge/forge-lint#erc20-unchecked-transfer

note[screaming-snake-case-immutable]: immutables should use 
SCREAMING_SNAKE_CASE
  --> E:\Zybra-Codebase\zybra-contract\src\treasury\FeeCollector.sol:43:32
   |
43 |     ITreasury public immutable treasury;
   |                                --------
   |
   = help: https://book.getfoundry.sh/reference/forge/forge-lint#screaming-sna
ke-case-immutable

note[mixed-case-function]: function names should use mixedCase
   --> 
E:\Zybra-Codebase\zybra-contract\src\interfaces\IMorphoVaultV2.sol:100:14
    |
100 |     function DOMAIN_SEPARATOR() external view returns (bytes32);
    |              ----------------
    |
    = help: 
https://book.getfoundry.sh/reference/forge/forge-lint#mixed-case-function

note[mixed-case-variable]: mutable variables should use mixedCase
  --> E:\Zybra-Codebase\zybra-contract\src\mocks\MockMorpho.sol:32:20
   |
32 |     bytes32 public DOMAIN_SEPARATOR;
   |                    ----------------
   |
   = help: 
https://book.getfoundry.sh/reference/forge/forge-lint#mixed-case-variable

warning[erc20-unchecked-transfer]: ERC20 'transfer' and 'transferFrom' calls 
should check the return value
  --> E:\Zybra-Codebase\zybra-contract\test\ZybraGroupV2MainnetFork.t.sol:74:9
   |
74 |         usdc.transfer(admin, 100_000e6);
   |         -------------------------------
   |
   = help: 
https://book.getfoundry.sh/reference/forge/forge-lint#erc20-unchecked-transfer

warning[erc20-unchecked-transfer]: ERC20 'transfer' and 'transferFrom' calls 
should check the return value
  --> E:\Zybra-Codebase\zybra-contract\test\ZybraGroupV2MainnetFork.t.sol:75:9
   |
75 |         usdc.transfer(user1, 100_000e6);
   |         -------------------------------
   |
   = help: 
https://book.getfoundry.sh/reference/forge/forge-lint#erc20-unchecked-transfer

warning[erc20-unchecked-transfer]: ERC20 'transfer' and 'transferFrom' calls 
should check the return value
  --> E:\Zybra-Codebase\zybra-contract\test\ZybraGroupV2MainnetFork.t.sol:76:9
   |
76 |         usdc.transfer(user2, 100_000e6);
   |         -------------------------------
   |
   = help: 
https://book.getfoundry.sh/reference/forge/forge-lint#erc20-unchecked-transfer

warning[erc20-unchecked-transfer]: ERC20 'transfer' and 'transferFrom' calls 
should check the return value
  --> E:\Zybra-Codebase\zybra-contract\test\ZybraGroupV2MainnetFork.t.sol:77:9
   |
77 |         usdc.transfer(user3, 100_000e6);
   |         -------------------------------
   |
   = help: 
https://book.getfoundry.sh/reference/forge/forge-lint#erc20-unchecked-transfer

warning[erc20-unchecked-transfer]: ERC20 'transfer' and 'transferFrom' calls 
should check the return value
  --> E:\Zybra-Codebase\zybra-contract\test\ZybraGroupV2MainnetFork.t.sol:78:9
   |
78 |         usdc.transfer(user4, 100_000e6);
   |         -------------------------------
   |
   = help: 
https://book.getfoundry.sh/reference/forge/forge-lint#erc20-unchecked-transfer

warning[erc20-unchecked-transfer]: ERC20 'transfer' and 'transferFrom' calls 
should check the return value
  --> E:\Zybra-Codebase\zybra-contract\test\ZybraGroupV2MainnetFork.t.sol:79:9
   |
79 |         usdc.transfer(user5, 100_000e6);
   |         -------------------------------
   |
   = help: 
https://book.getfoundry.sh/reference/forge/forge-lint#erc20-unchecked-transfer

warning[erc20-unchecked-transfer]: ERC20 'transfer' and 'transferFrom' calls 
should check the return value
   --> E:\Zybra-Codebase\zybra-contract\test\TreasuryArchitecture.t.sol:102:9
    |
102 |         usdc.transfer(user1, 100_000e6);
    |         -------------------------------
    |
    = help: 
https://book.getfoundry.sh/reference/forge/forge-lint#erc20-unchecked-transfer

warning[erc20-unchecked-transfer]: ERC20 'transfer' and 'transferFrom' calls 
should check the return value
   --> E:\Zybra-Codebase\zybra-contract\test\TreasuryArchitecture.t.sol:103:9
    |
103 |         usdc.transfer(user2, 100_000e6);
    |         -------------------------------
    |
    = help: 
https://book.getfoundry.sh/reference/forge/forge-lint#erc20-unchecked-transfer

note[unaliased-plain-import]: use named imports '{A, B}' or alias 'import 
".." as X'
 --> E:\Zybra-Codebase\zybra-contract\test\ZybraGroupV2Security.t.sol:4:8
  |
4 | import "forge-std/Test.sol";
  |        --------------------
  |
  = help: 
https://book.getfoundry.sh/reference/forge/forge-lint#unaliased-plain-import

warning[erc20-unchecked-transfer]: ERC20 'transfer' and 'transferFrom' calls 
should check the return value
   --> E:\Zybra-Codebase\zybra-contract\test\TreasuryArchitecture.t.sol:126:9
    |
126 |         usdc.transfer(address(feeCollector), 1000e6);
    |         --------------------------------------------
    |
    = help: 
https://book.getfoundry.sh/reference/forge/forge-lint#erc20-unchecked-transfer

warning[erc20-unchecked-transfer]: ERC20 'transfer' and 'transferFrom' calls 
should check the return value
   --> E:\Zybra-Codebase\zybra-contract\test\TreasuryArchitecture.t.sol:142:9
    |
142 |         usdc.transfer(address(treasury), 1000e6);
    |         ----------------------------------------
    |
    = help: 
https://book.getfoundry.sh/reference/forge/forge-lint#erc20-unchecked-transfer

warning[erc20-unchecked-transfer]: ERC20 'transfer' and 'transferFrom' calls 
should check the return value
   --> E:\Zybra-Codebase\zybra-contract\test\TreasuryArchitecture.t.sol:158:9
    |
158 |         usdc.transfer(address(treasury), 1000e6);
    |         ----------------------------------------
    |
    = help: 
https://book.getfoundry.sh/reference/forge/forge-lint#erc20-unchecked-transfer

note[unaliased-plain-import]: use named imports '{A, B}' or alias 'import 
".." as X'
 --> 
E:\Zybra-Codebase\zybra-contract\test\ZybraGroupV2TimeBasedYield.t.sol:4:8
  |
4 | import "forge-std/Test.sol";
  |        --------------------
  |
  = help: 
https://book.getfoundry.sh/reference/forge/forge-lint#unaliased-plain-import

warning[erc20-unchecked-transfer]: ERC20 'transfer' and 'transferFrom' calls 
should check the return value
   --> E:\Zybra-Codebase\zybra-contract\test\TreasuryArchitecture.t.sol:176:9
    |
176 |         usdc.transfer(address(treasury), 5000e6);
    |         ----------------------------------------
    |
    = help: 
https://book.getfoundry.sh/reference/forge/forge-lint#erc20-unchecked-transfer

note[unused-import]: unused imports should be removed
  --> 
E:\Zybra-Codebase\zybra-contract\test\ZybraGroupV2ParameterAudit.t.sol:16:9
   |
16 | import {IERC20} from "@openzeppelin/contracts/token/ERC20/IERC20.sol";
   |         ------
   |
   = help: https://book.getfoundry.sh/reference/forge/forge-lint#unused-import

note[unused-import]: unused imports should be removed
  --> 
E:\Zybra-Codebase\zybra-contract\test\ZybraGroupV2ParameterAudit.t.sol:17:9
   |
17 | import {SafeERC20} from 
"@openzeppelin/contracts/token/ERC20/utils/SafeERC20.sol";
   |         ---------
   |
   = help: https://book.getfoundry.sh/reference/forge/forge-lint#unused-import

warning[erc20-unchecked-transfer]: ERC20 'transfer' and 'transferFrom' calls 
should check the return value
   --> E:\Zybra-Codebase\zybra-contract\test\TreasuryArchitecture.t.sol:246:9
    |
246 |         usdc.transfer(MORPHO_VAULT, 100_000e6);
    |         --------------------------------------
    |
    = help: 
https://book.getfoundry.sh/reference/forge/forge-lint#erc20-unchecked-transfer

warning[erc20-unchecked-transfer]: ERC20 'transfer' and 'transferFrom' calls 
should check the return value
  --> E:\Zybra-Codebase\zybra-contract\test\ZybraGroupV2SecurityTestsComplete.
t.sol:40:9
   |
40 |         token.transferFrom(msg.sender, address(this), assets);
   |         -----------------------------------------------------
   |
   = help: 
https://book.getfoundry.sh/reference/forge/forge-lint#erc20-unchecked-transfer

note[screaming-snake-case-immutable]: immutables should use 
SCREAMING_SNAKE_CASE
  --> E:\Zybra-Codebase\zybra-contract\src\mocks\MockYieldVault.sol:45:29
   |
45 |     IERC20 public immutable _asset;
   |                             ------
   |
   = help: https://book.getfoundry.sh/reference/forge/forge-lint#screaming-sna
ke-case-immutable

warning[erc20-unchecked-transfer]: ERC20 'transfer' and 'transferFrom' calls 
should check the return value
  --> E:\Zybra-Codebase\zybra-contract\test\ZybraGroupV2SecurityTestsComplete.
t.sol:48:9
   |
48 |         token.transfer(receiver, assets);
   |         --------------------------------
   |
   = help: 
https://book.getfoundry.sh/reference/forge/forge-lint#erc20-unchecked-transfer

note[screaming-snake-case-immutable]: immutables should use 
SCREAMING_SNAKE_CASE
  --> E:\Zybra-Codebase\zybra-contract\src\mocks\MockYieldVault.sol:46:29
   |
46 |     uint8 private immutable _decimals;
   |                             ---------
   |
   = help: https://book.getfoundry.sh/reference/forge/forge-lint#screaming-sna
ke-case-immutable

note[screaming-snake-case-immutable]: immutables should use 
SCREAMING_SNAKE_CASE
  --> E:\Zybra-Codebase\zybra-contract\src\mocks\MockYieldVault.sol:47:30
   |
47 |     uint256 public immutable virtualShares;
   |                              -------------
   |
   = help: https://book.getfoundry.sh/reference/forge/forge-lint#screaming-sna
ke-case-immutable

warning[erc20-unchecked-transfer]: ERC20 'transfer' and 'transferFrom' calls 
should check the return value
   --> E:\Zybra-Codebase\zybra-contract\test\TreasuryArchitecture.t.sol:272:9
    |
272 |         usdc.transfer(address(treasury), 10_000e6);
    |         ------------------------------------------
    |
    = help: 
https://book.getfoundry.sh/reference/forge/forge-lint#erc20-unchecked-transfer

note[unused-import]: unused imports should be removed
 --> E:\Zybra-Codebase\zybra-contract\test\ZybraGroupV2SecurityTestsComplete.t
.sol:5:9
  |
5 | import {IERC20} from "@openzeppelin/contracts/token/ERC20/IERC20.sol";
  |         ------
  |
  = help: https://book.getfoundry.sh/reference/forge/forge-lint#unused-import

warning[erc20-unchecked-transfer]: ERC20 'transfer' and 'transferFrom' calls 
should check the return value
   --> 
E:\Zybra-Codebase\zybra-contract\test\ZybraGroupV2MainnetFork.t.sol:689:9
    |
689 |         usdc.transfer(MORPHO_VAULT, 50_000e6);
    |         -------------------------------------
    |
    = help: 
https://book.getfoundry.sh/reference/forge/forge-lint#erc20-unchecked-transfer

note[unaliased-plain-import]: use named imports '{A, B}' or alias 'import 
".." as X'
 --> E:\Zybra-Codebase\zybra-contract\test\ZybraGroupV2Comprehensive.t.sol:4:8
  |
4 | import "forge-std/Test.sol";
  |        --------------------
  |
  = help: 
https://book.getfoundry.sh/reference/forge/forge-lint#unaliased-plain-import

warning[erc20-unchecked-transfer]: ERC20 'transfer' and 'transferFrom' calls 
should check the return value
   --> E:\Zybra-Codebase\zybra-contract\test\TreasuryArchitecture.t.sol:309:9
    |
309 |         usdc.transfer(address(treasury), 100e6);
    |         ---------------------------------------
    |
    = help: 
https://book.getfoundry.sh/reference/forge/forge-lint#erc20-unchecked-transfer

warning[erc20-unchecked-transfer]: ERC20 'transfer' and 'transferFrom' calls 
should check the return value
   --> 
E:\Zybra-Codebase\zybra-contract\test\ZybraGroupV2MainnetFork.t.sol:723:9
    |
723 |         usdc.transfer(MORPHO_VAULT, 100_000e6);
    |         --------------------------------------
    |
    = help: 
https://book.getfoundry.sh/reference/forge/forge-lint#erc20-unchecked-transfer

note[unaliased-plain-import]: use named imports '{A, B}' or alias 'import 
".." as X'
 --> E:\Zybra-Codebase\zybra-contract\test\MockMorphVault.t.sol:4:8
  |
4 | import "forge-std/Test.sol";
  |        --------------------
  |
  = help: 
https://book.getfoundry.sh/reference/forge/forge-lint#unaliased-plain-import

note[unused-import]: unused imports should be removed
 --> E:\Zybra-Codebase\zybra-contract\test\MockMorphVault.t.sol:7:9
  |
7 | import {IERC20} from "@openzeppelin/contracts/token/ERC20/IERC20.sol";
  |         ------
  |
  = help: https://book.getfoundry.sh/reference/forge/forge-lint#unused-import

note[unused-import]: unused imports should be removed
 --> E:\Zybra-Codebase\zybra-contract\test\ZybraGroupV2Comprehensive.t.sol:9:9
  |
9 | import {IERC20} from "@openzeppelin/contracts/token/ERC20/IERC20.sol";
  |         ------
  |
  = help: https://book.getfoundry.sh/reference/forge/forge-lint#unused-import

