No files changed, compilation skipped
forge.exe : proptest: Saving this and future failures in cache/fuzz\failures
At line:1 char:1
+ & "$env:USERPROFILE\.foundry\bin\forge.exe" test --match-contract Zyb ...
+ ~~~~~~~~~~~~~~~~~~~~~~~~~~~~~~~~~~~~~~~~~~~~~~~~~~~~~~~~~~~~~~~~~~~~~
    + CategoryInfo          : NotSpecified: (proptest: Savin...e/fuzz\failure 
   s:String) [], RemoteException
    + FullyQualifiedErrorId : NativeCommandError
 
proptest: If this test was run on a CI system, you may wish to add the 
following line to your copy of the file. (You may need to create it.)
cc 4e8eb38b7f5de848469b3508be9136b393fe81a030d59dd6e605c7d2221593c2

Ran 147 tests for test/ZybraGroupV2Comprehensive.t.sol:ZybraGroupV2ComprehensiveTest
[PASS] testFuzz_Contribute_CorrectCapitalTracking(uint8) (runs: 256, ╬╝: 1676719, ~: 1466800)
[PASS] testFuzz_ContributionAmount(uint256) (runs: 256, ╬╝: 2456196, ~: 2456197)
[PASS] testFuzz_CycleBoundary(uint256) (runs: 256, ╬╝: 46766, ~: 46880)
[PASS] testFuzz_TwoUsersYieldFairness(uint256) (runs: 256, ╬╝: 522328, ~: 522382)
[FAIL: Insufficient balance; counterexample: calldata=0xa056fe530000000000000000000000000000000000000000000000000000000000004650 args=[18000 [1.8e4]]] testFuzz_Withdraw_AlwaysGetsAtLeastCapital(uint256) (runs: 0, ╬╝: 0, ~: 0)
Logs:
  Bound result 115

[PASS] test_Admin_DoubleEndReverts() (gas: 69852)
[PASS] test_Admin_EndGroupOnlyAdmin() (gas: 46422)
[PASS] test_Admin_EndGroupRequiresStartFirst() (gas: 16097)
[PASS] test_Admin_SetTreasury() (gas: 24697)
[PASS] test_Admin_SetTreasuryNonAdminReverts() (gas: 14294)
[PASS] test_Admin_SetTreasuryZeroReverts() (gas: 15641)
[PASS] test_Admin_StartGroupNoMembersReverts() (gas: 22684)
[PASS] test_Admin_StartGroupOnlyAdmin() (gas: 77925)
[PASS] test_Attack_AdminCannotForceContributionsOnBehalf() (gas: 332021)
[PASS] test_Attack_AttackerCannotClaimOthersYield() (gas: 326060)
[PASS] test_Attack_AttackerCannotForceContributions() (gas: 125821)
[PASS] test_Attack_AttackerCannotWithdrawOthersFunds() (gas: 328438)
[PASS] test_Attack_CannotContributeWithInsufficientBalance() (gas: 2270707)
[PASS] test_Attack_CannotContributeWithoutApproval() (gas: 2243917)
[PASS] test_Claim_BasicYieldClaim() (gas: 436243)
[PASS] test_Claim_ClaimThenWaitThenClaimAgain() (gas: 428863)
[PASS] test_Claim_DoubleClaim_SecondMinimal() (gas: 443150)
[PASS] test_Claim_RevertForNonMember() (gas: 327678)
[PASS] test_Claim_RevertWhenNoContribution() (gas: 115834)
[PASS] test_Claim_RevertWhenPaused() (gas: 344923)
[FAIL: Equal contributors equal yield: 4068493 !~= 2054589 (max delta: 5.0000000000000000%, real delta: 98.0197986069233311%)] test_Claim_YieldDebtPreventsDoubleClaim() (gas: 679669)
[PASS] test_Constructor_ImmutablesSetCorrectly() (gas: 32188)
[PASS] test_Constructor_RevertContributionAboveMax() (gas: 70514)
[PASS] test_Constructor_RevertContributionBelowMin() (gas: 72053)
[PASS] test_Constructor_RevertTotalCyclesExceeds52() (gas: 70836)
[PASS] test_Constructor_RevertZeroAdmin() (gas: 68009)
[PASS] test_Constructor_RevertZeroAsset() (gas: 68577)
[PASS] test_Constructor_RevertZeroCycleDuration() (gas: 71034)
[PASS] test_Constructor_RevertZeroTotalCycles() (gas: 70262)
[PASS] test_Constructor_RevertZeroTreasury() (gas: 68987)
[PASS] test_Constructor_RevertZeroVault() (gas: 68057)
[PASS] test_Contribute_AcrossMultipleCycles() (gas: 560604)
[PASS] test_Contribute_CorrectTokenTransfer() (gas: 322226)
[PASS] test_Contribute_DepositedToVault() (gas: 324912)
[PASS] test_Contribute_DoubleContributeSameCycleReverts() (gas: 325877)
[PASS] test_Contribute_LastCycleContribution() (gas: 328246)
[PASS] test_Contribute_RevertAfterGroupEnded() (gas: 135478)
[PASS] test_Contribute_RevertBeforeGroupStarted() (gas: 83621)
[FAIL: next call did not revert as expected] test_Contribute_RevertBeyondTotalCycles() (gas: 369405)
[PASS] test_Contribute_RevertNonMember() (gas: 115789)
[PASS] test_Contribute_SkippedCycleAllowed() (gas: 333609)
[PASS] test_Contribute_UpdatesCapitalAndCycle() (gas: 327935)
[FAIL: Insufficient balance] test_Edge_AdminSelfOperations() (gas: 446452)
[PASS] test_Edge_DustYieldAmount() (gas: 330965)
[PASS] test_Edge_GetGroupStatusView() (gas: 31514)
[PASS] test_Edge_MaxContributionAmount() (gas: 2451161)
[PASS] test_Edge_MinContributionAmount() (gas: 2451139)
[PASS] test_Edge_VeryShortCycleDuration() (gas: 2448215)
[PASS] test_Events_Contributed() (gas: 321113)
[PASS] test_Events_FeesCollected() (gas: 449374)
[PASS] test_Events_GroupEnded() (gas: 68139)
[PASS] test_Events_GroupStarted() (gas: 104746)
[PASS] test_Events_Paused() (gas: 35247)
[PASS] test_Events_TreasuryUpdated() (gas: 25031)
[PASS] test_Events_Unpaused() (gas: 27230)
[FAIL: Insufficient balance] test_Events_Withdrawn() (gas: 460467)
[PASS] test_Events_YieldClaimed() (gas: 420560)
[PASS] test_Factory_AdminGroupTracking() (gas: 21403)
[PASS] test_Factory_DeploymentTracking() (gas: 23517)
[PASS] test_Factory_GetGroupsInfo() (gas: 41490)
[PASS] test_Factory_MaxContribution() (gas: 2101607)
[PASS] test_Factory_MaxTotalCycles52() (gas: 2100272)
[PASS] test_Factory_MinContribution() (gas: 2100353)
[PASS] test_Factory_MultipleDeployments() (gas: 4218710)
[PASS] test_Factory_OnlyOwnerCanTransfer() (gas: 15816)
[PASS] test_Factory_OwnershipTransfer() (gas: 21486)
[PASS] test_Factory_RevertContributionTooHigh() (gas: 19685)
[PASS] test_Factory_RevertContributionTooLow() (gas: 18474)
[PASS] test_Factory_RevertTotalCyclesExceeds52() (gas: 20429)
[PASS] test_Factory_RevertZeroAdmin() (gas: 18588)
[PASS] test_Factory_RevertZeroAsset() (gas: 18308)
[PASS] test_Factory_RevertZeroCycleDuration() (gas: 17701)
[PASS] test_Factory_RevertZeroTotalCycles() (gas: 21021)
[PASS] test_Factory_RevertZeroTreasury() (gas: 19038)
[PASS] test_Factory_RevertZeroVault() (gas: 17900)
[PASS] test_Fee_AccumulatesOnClaim() (gas: 426203)
[FAIL: Insufficient balance] test_Fee_AccumulatesOnWithdraw() (gas: 462953)
[PASS] test_Fee_CollectPermissionless() (gas: 455612)
[PASS] test_Fee_CollectRevertsWhenEmpty() (gas: 16616)
[PASS] test_Fee_CollectSendsToTreasury() (gas: 455281)
[PASS] test_Fee_ExactlyOnePercentBPS() (gas: 12021)
[PASS] test_Fee_FeeAssetMatchesGroupAsset() (gas: 12920)
[PASS] test_Fee_PendingFeesView() (gas: 423398)
[FAIL: AlreadyContributed()] test_FullLifecycle_HappyPath() (gas: 809984)
[FAIL: panic: arithmetic underflow or overflow (0x11)] test_Invariant_CapitalSumConsistency_AcrossAllOps() (gas: 1248255)
[PASS] test_Invariant_TotalCapitalNeverNegative() (gas: 477630)
[PASS] test_Invariant_VaultValueGeTotalCapital() (gas: 653939)
[PASS] test_Membership_AdminAutoAdded() (gas: 20047)
[PASS] test_Membership_CannotLeaveAfterStart() (gas: 107414)
[PASS] test_Membership_JoinAndLeaveCountsCorrect() (gas: 140045)
[PASS] test_Membership_JoinEvent() (gas: 78434)
[PASS] test_Membership_LeaveEvent() (gas: 77905)
[PASS] test_Membership_MaxMembers() (gas: 2683956)
[PASS] test_Membership_MembersListAccessors() (gas: 140586)
[PASS] test_Membership_NonMemberCannotLeave() (gas: 16539)
[PASS] test_Membership_RejoinAfterLeave() (gas: 111295)
[PASS] test_Pause_AdminCanPause() (gas: 36488)
[PASS] test_Pause_AdminCanUnpause() (gas: 27100)
[PASS] test_Pause_BlocksClaimYield() (gas: 346507)
[PASS] test_Pause_BlocksContribute() (gas: 132827)
[PASS] test_Pause_BlocksJoinGroup() (gas: 38635)
[PASS] test_Pause_BlocksWithdraw() (gas: 345095)
[PASS] test_Pause_NonAdminCannotPause() (gas: 11646)
[PASS] test_Pause_NonAdminCannotUnpause() (gas: 38744)
[PASS] test_Pause_UnpauseRestoresOperations() (gas: 137700)
[PASS] test_Reentrancy_GuardOnContribute() (gas: 318347)
[FAIL: Insufficient balance] test_Scenario_AdminEndsGroupEarly_UsersCanStillWithdraw() (gas: 698227)
[PASS] test_Scenario_LateJoinerContributes() (gas: 707859)
[FAIL: Insufficient balance] test_Scenario_UserClaimsThenWithdraws() (gas: 591049)
[FAIL: Insufficient balance] test_Scenario_WithdrawAndCollectFees_Vault_Drains_Correctly() (gas: 725560)
[FAIL: AlreadyContributed()] test_Scenario_YieldDistributionMultiCycleMultiUser() (gas: 1056903)
[PASS] test_StateGuard_CanWithdrawAfterEnd() (gas: 330649)
[PASS] test_StateGuard_CannotContributeAfterEnd() (gas: 136622)
[PASS] test_StateGuard_CannotContributeBeforeStart() (gas: 83907)
[PASS] test_StateGuard_CannotJoinAfterStart() (gas: 47505)
[PASS] test_StateGuard_CannotStartTwice() (gas: 42250)
[PASS] test_StateGuard_GetCurrentCycleBeforeStart() (gas: 11199)
[FAIL: assertion failed: 2 != 3] test_StateGuard_GetCurrentCycleProgression() (gas: 46842)
[FAIL: Insufficient balance] test_Stress_MixedContributeAndWithdraw() (gas: 1094060)
[PASS] test_Stress_OnlyOneContributorInGroup() (gas: 385508)
[PASS] test_Stress_StaggeredContributions() (gas: 1033174)
[FAIL: AlreadyContributed()] test_Stress_TenUsersFullLifecycle() (gas: 3508770)
[PASS] test_TWAB_CapitalSecondsAccuracy() (gas: 332637)
[PASS] test_TWAB_EarlyContributorGetsMoreYield() (gas: 520431)
[PASS] test_TWAB_EqualContributionsSameTime_EqualYield() (gas: 471098)
[PASS] test_TWAB_MultiCycleContributorGetsMoreYield() (gas: 571701)
[FAIL: Alice/Bob ratio ~7:5: 604800000000000 !~= 725760000000000 (max delta: 5.0000000000000000%, real delta: 16.6666666666666666%)] test_TWAB_ThreeUsersFairnessRatio() (gas: 793115)
[PASS] test_TWAB_ZeroCapitalSecondsBeforeContribution() (gas: 108529)
[PASS] test_View_GetMemberInfoAccuracy() (gas: 332670)
[PASS] test_View_GroupStatusAfterFullLifecycle() (gas: 355495)
[PASS] test_View_MembersCount() (gas: 140045)
[PASS] test_View_PendingYieldNonContributor() (gas: 105289)
[PASS] test_View_PendingYieldNonMember() (gas: 18849)
[FAIL: Insufficient balance] test_Withdraw_AfterClaimYield() (gas: 491266)
[FAIL: Insufficient balance] test_Withdraw_AllMembersWithdraw_ZeroRemaining() (gas: 829942)
[FAIL: Insufficient balance] test_Withdraw_ClearsMemberState() (gas: 461091)
[PASS] test_Withdraw_DecreasesTotalCapital() (gas: 456576)
[PASS] test_Withdraw_DoubleWithdrawReverts() (gas: 316870)
[PASS] test_Withdraw_MidLifecycle_OthersUnaffected() (gas: 598908)
[FAIL: Insufficient balance] test_Withdraw_ReturnsCapitalPlusYield() (gas: 466244)
[PASS] test_Withdraw_RevertWhenPaused() (gas: 346063)
[PASS] test_Withdraw_WithoutContribution_Reverts() (gas: 123382)
Suite result: FAILED. 127 passed; 20 failed; 0 skipped; finished in 212.21ms (418.93ms CPU time)

Ran 1 test suite in 222.24ms (212.21ms CPU time): 127 tests passed, 20 failed, 0 skipped (147 total tests)

Failing tests:
Encountered 20 failing tests in test/ZybraGroupV2Comprehensive.t.sol:ZybraGroupV2ComprehensiveTest
[FAIL: Insufficient balance; counterexample: calldata=0xa056fe530000000000000000000000000000000000000000000000000000000000004650 args=[18000 [1.8e4]]] testFuzz_Withdraw_AlwaysGetsAtLeastCapital(uint256) (runs: 0, ╬╝: 0, ~: 0)
[FAIL: Equal contributors equal yield: 4068493 !~= 2054589 (max delta: 5.0000000000000000%, real delta: 98.0197986069233311%)] test_Claim_YieldDebtPreventsDoubleClaim() (gas: 679669)
[FAIL: next call did not revert as expected] test_Contribute_RevertBeyondTotalCycles() (gas: 369405)
[FAIL: Insufficient balance] test_Edge_AdminSelfOperations() (gas: 446452)
[FAIL: Insufficient balance] test_Events_Withdrawn() (gas: 460467)
[FAIL: Insufficient balance] test_Fee_AccumulatesOnWithdraw() (gas: 462953)
[FAIL: AlreadyContributed()] test_FullLifecycle_HappyPath() (gas: 809984)
[FAIL: panic: arithmetic underflow or overflow (0x11)] test_Invariant_CapitalSumConsistency_AcrossAllOps() (gas: 1248255)
[FAIL: Insufficient balance] test_Scenario_AdminEndsGroupEarly_UsersCanStillWithdraw() (gas: 698227)
[FAIL: Insufficient balance] test_Scenario_UserClaimsThenWithdraws() (gas: 591049)
[FAIL: Insufficient balance] test_Scenario_WithdrawAndCollectFees_Vault_Drains_Correctly() (gas: 725560)
[FAIL: AlreadyContributed()] test_Scenario_YieldDistributionMultiCycleMultiUser() (gas: 1056903)
[FAIL: assertion failed: 2 != 3] test_StateGuard_GetCurrentCycleProgression() (gas: 46842)
[FAIL: Insufficient balance] test_Stress_MixedContributeAndWithdraw() (gas: 1094060)
[FAIL: AlreadyContributed()] test_Stress_TenUsersFullLifecycle() (gas: 3508770)
[FAIL: Alice/Bob ratio ~7:5: 604800000000000 !~= 725760000000000 (max delta: 5.0000000000000000%, real delta: 16.6666666666666666%)] test_TWAB_ThreeUsersFairnessRatio() (gas: 793115)
[FAIL: Insufficient balance] test_Withdraw_AfterClaimYield() (gas: 491266)
[FAIL: Insufficient balance] test_Withdraw_AllMembersWithdraw_ZeroRemaining() (gas: 829942)
[FAIL: Insufficient balance] test_Withdraw_ClearsMemberState() (gas: 461091)
[FAIL: Insufficient balance] test_Withdraw_ReturnsCapitalPlusYield() (gas: 466244)

Encountered a total of 20 failing tests, 127 tests succeeded
